Component: ARM Compiler 5.06 update 6 (build 750) Tool: armlink [4d35ed]

==============================================================================

Section Cross References

    startup_stm32f10x_hd.o(STACK) refers (Special) to heapauxi.o(.text) for __use_two_region_memory
    startup_stm32f10x_hd.o(HEAP) refers (Special) to heapauxi.o(.text) for __use_two_region_memory
    startup_stm32f10x_hd.o(RESET) refers (Special) to heapauxi.o(.text) for __use_two_region_memory
    startup_stm32f10x_hd.o(RESET) refers to startup_stm32f10x_hd.o(STACK) for __initial_sp
    startup_stm32f10x_hd.o(RESET) refers to startup_stm32f10x_hd.o(.text) for Reset_Handler
    startup_stm32f10x_hd.o(RESET) refers to stm32f10x_it.o(i.NMI_Handler) for NMI_Handler
    startup_stm32f10x_hd.o(RESET) refers to stm32f10x_it.o(i.HardFault_Handler) for HardFault_Handler
    startup_stm32f10x_hd.o(RESET) refers to stm32f10x_it.o(i.MemManage_Handler) for MemManage_Handler
    startup_stm32f10x_hd.o(RESET) refers to stm32f10x_it.o(i.BusFault_Handler) for BusFault_Handler
    startup_stm32f10x_hd.o(RESET) refers to stm32f10x_it.o(i.UsageFault_Handler) for UsageFault_Handler
    startup_stm32f10x_hd.o(RESET) refers to stm32f10x_it.o(i.SVC_Handler) for SVC_Handler
    startup_stm32f10x_hd.o(RESET) refers to stm32f10x_it.o(i.DebugMon_Handler) for DebugMon_Handler
    startup_stm32f10x_hd.o(RESET) refers to stm32f10x_it.o(i.PendSV_Handler) for PendSV_Handler
    startup_stm32f10x_hd.o(RESET) refers to stm32f10x_it.o(i.SysTick_Handler) for SysTick_Handler
    startup_stm32f10x_hd.o(RESET) refers to usart.o(i.USART1_IRQHandler) for USART1_IRQHandler
    startup_stm32f10x_hd.o(.text) refers (Special) to heapauxi.o(.text) for __use_two_region_memory
    startup_stm32f10x_hd.o(.text) refers to system_stm32f10x.o(i.SystemInit) for SystemInit
    startup_stm32f10x_hd.o(.text) refers to __main.o(!!!main) for __main
    startup_stm32f10x_hd.o(.text) refers to startup_stm32f10x_hd.o(HEAP) for Heap_Mem
    startup_stm32f10x_hd.o(.text) refers to startup_stm32f10x_hd.o(STACK) for Stack_Mem
    main.o(i.main) refers to delay.o(i.delay_init) for delay_init
    main.o(i.main) refers to layout.o(i.Layout_init) for Layout_init
    main.o(i.main) refers to delay.o(i.delay_ms) for delay_ms
    main.o(i.main) refers to layout.o(i.Layout_unlock) for Layout_unlock
    main.o(i.main) refers to layout.o(i.Layout_reset) for Layout_reset
    main.o(i.main) refers to layout.o(i.Layout_main) for Layout_main
    main.o(i.main) refers to layout.o(i.Layout_menu) for Layout_menu
    main.o(i.main) refers to layout.o(i.Layout_set) for Layout_set
    main.o(i.main) refers to layout.o(i.Layout_display) for Layout_display
    main.o(i.main) refers to layout.o(i.Layout_measure) for Layout_measure
    main.o(i.main) refers to layout.o(i.Layout_led) for Layout_led
    main.o(i.main) refers to layout.o(i.Layout_beep) for Layout_beep
    main.o(i.main) refers to layout.o(i.Layout_solve) for Layout_solve
    main.o(i.main) refers to layout.o(i.Layout_Test) for Layout_Test
    main.o(i.main) refers to main.o(.data) for PassExist
    system_stm32f10x.o(i.SetSysClock) refers to system_stm32f10x.o(i.SetSysClockTo72) for SetSysClockTo72
    system_stm32f10x.o(i.SystemCoreClockUpdate) refers to system_stm32f10x.o(.data) for SystemCoreClock
    system_stm32f10x.o(i.SystemInit) refers to system_stm32f10x.o(i.SetSysClock) for SetSysClock
    layout.o(i.Layout_Test) refers to oled_i2c.o(i.OLED_CLS) for OLED_CLS
    layout.o(i.Layout_Test) refers to oled_i2c.o(i.OLED_ShowStr) for OLED_ShowStr
    layout.o(i.Layout_Test) refers to oled_i2c.o(i.OLED_ShowInt) for OLED_ShowInt
    layout.o(i.Layout_Test) refers to layout.o(.data) for list
    layout.o(i.Layout_beep) refers to oled_i2c.o(i.OLED_CLS) for OLED_CLS
    layout.o(i.Layout_beep) refers to oled_i2c.o(i.OLED_ShowStr) for OLED_ShowStr
    layout.o(i.Layout_beep) refers to layout.o(i.fakePWM) for fakePWM
    layout.o(i.Layout_display) refers to oled_i2c.o(i.OLED_CLS) for OLED_CLS
    layout.o(i.Layout_display) refers to oled_i2c.o(i.OLED_ShowStr) for OLED_ShowStr
    layout.o(i.Layout_display) refers to oled_i2c.o(i.OLED_SetPos) for OLED_SetPos
    layout.o(i.Layout_display) refers to oled_i2c.o(i.WriteDat) for WriteDat
    layout.o(i.Layout_display) refers to 24cxx.o(i.AT24CXX_ReadOneByte) for AT24CXX_ReadOneByte
    layout.o(i.Layout_display) refers to 24cxx.o(i.AT24CXX_WriteOneByte) for AT24CXX_WriteOneByte
    layout.o(i.Layout_display) refers to oled_i2c.o(i.OLED_Reverse) for OLED_Reverse
    layout.o(i.Layout_display) refers to oled_i2c.o(i.OLED_SetBrightness) for OLED_SetBrightness
    layout.o(i.Layout_display) refers to delay.o(i.delay_ms) for delay_ms
    layout.o(i.Layout_display) refers to oled_i2c.o(.data) for brightness
    layout.o(i.Layout_init) refers to myiic.o(i.IIC_Init) for IIC_Init
    layout.o(i.Layout_init) refers to usart.o(i.uart_init) for uart_init
[...]
    .ARM.Collect$$libshutdown$$00000004      0x08000210   Section        0  libshutdown2.o(.ARM.Collect$$libshutdown$$00000004)
    .ARM.Collect$$libshutdown$$00000007      0x08000210   Section        0  libshutdown2.o(.ARM.Collect$$libshutdown$$00000007)
    .ARM.Collect$$libshutdown$$0000000A      0x08000210   Section        0  libshutdown2.o(.ARM.Collect$$libshutdown$$0000000A)
    .ARM.Collect$$libshutdown$$0000000C      0x08000210   Section        0  libshutdown2.o(.ARM.Collect$$libshutdown$$0000000C)
    .ARM.Collect$$libshutdown$$0000000F      0x08000210   Section        0  libshutdown2.o(.ARM.Collect$$libshutdown$$0000000F)
    .ARM.Collect$$libshutdown$$00000010      0x08000210   Section        2  libshutdown2.o(.ARM.Collect$$libshutdown$$00000010)
    .ARM.Collect$$rtentry$$00000000          0x08000212   Section        0  __rtentry.o(.ARM.Collect$$rtentry$$00000000)
    .ARM.Collect$$rtentry$$00000002          0x08000212   Section        0  __rtentry2.o(.ARM.Collect$$rtentry$$00000002)
    .ARM.Collect$$rtentry$$00000004          0x08000212   Section        6  __rtentry4.o(.ARM.Collect$$rtentry$$00000004)
    .ARM.Collect$$rtentry$$00000009          0x08000218   Section        0  __rtentry2.o(.ARM.Collect$$rtentry$$00000009)
    .ARM.Collect$$rtentry$$0000000A          0x08000218   Section        4  __rtentry2.o(.ARM.Collect$$rtentry$$0000000A)
    .ARM.Collect$$rtentry$$0000000C          0x0800021c   Section        0  __rtentry2.o(.ARM.Collect$$rtentry$$0000000C)
    .ARM.Collect$$rtentry$$0000000D          0x0800021c   Section        8  __rtentry2.o(.ARM.Collect$$rtentry$$0000000D)
    .ARM.Collect$$rtexit$$00000000           0x08000224   Section        2  rtexit.o(.ARM.Collect$$rtexit$$00000000)
    .ARM.Collect$$rtexit$$00000002           0x08000226   Section        0  rtexit2.o(.ARM.Collect$$rtexit$$00000002)
    .ARM.Collect$$rtexit$$00000003           0x08000226   Section        4  rtexit2.o(.ARM.Collect$$rtexit$$00000003)
    .ARM.Collect$$rtexit$$00000004           0x0800022a   Section        6  rtexit2.o(.ARM.Collect$$rtexit$$00000004)
    .text                                    0x08000230   Section       64  startup_stm32f10x_hd.o(.text)
    .text                                    0x08000270   Section        2  use_no_semi_2.o(.text)
    .text                                    0x08000274   Section        0  noretval__2sprintf.o(.text)
    .text                                    0x0800029c   Section        0  __printf_ss_wp.o(.text)
    .text                                    0x080003fc   Section        0  __0sscanf.o(.text)
    .text                                    0x08000438   Section        0  strlen.o(.text)
    .text                                    0x08000476   Section        0  heapauxi.o(.text)
    .text                                    0x0800047c   Section        2  use_no_semi.o(.text)
    .text                                    0x0800047e   Section        0  _rserrno.o(.text)
    .text                                    0x08000494   Section        0  _printf_fp_dec.o(.text)
    _fp_digits                               0x08000497   Thumb Code   432  _printf_fp_dec.o(.text)
    .text                                    0x080008b4   Section        0  _printf_char_common.o(.text)
    _printf_input_char                       0x080008b5   Thumb Code    10  _printf_char_common.o(.text)
    .text                                    0x080008e4   Section        0  _sputc.o(.text)
    .text                                    0x080008f0   Section        0  scanf_fp.o(.text)
    _fp_value                                0x080008f1   Thumb Code   588  scanf_fp.o(.text)
    .text                                    0x08000de8   Section        0  scanf_char.o(.text)
    _scanf_char_input                        0x08000de9   Thumb Code    12  scanf_char.o(.text)
    .text                                    0x08000e14   Section        0  _sgetc.o(.text)
    .text                                    0x08000e54   Section        8  rt_locale_intlibspace.o(.text)
    .text                                    0x08000e5c   Section        8  rt_errno_addr_intlibspace.o(.text)
    .text                                    0x08000e64   Section      138  lludiv10.o(.text)
    .text                                    0x08000eee   Section        0  isspace.o(.text)
    .text                                    0x08000f00   Section        0  _printf_fp_infnan.o(.text)
    .text                                    0x08000f80   Section        0  _scanf.o(.text)
    .text                                    0x080012f4   Section        0  bigflt0.o(.text)
    .text                                    0x080013d8   Section        8  libspace.o(.text)
    .text                                    0x080013e0   Section       74  sys_stackheap_outer.o(.text)
    .text                                    0x0800142c   Section       16  rt_ctype_table.o(.text)
    .text                                    0x0800143c   Section        0  scanf_hexfp.o(.text)
    .text                                    0x0800175c   Section        0  scanf_infnan.o(.text)
    .text                                    0x08001890   Section        0  exit.o(.text)
    .text                                    0x080018a4   Section      128  strcmpv7m.o(.text)
    .text                                    0x08001924   Section       38  llshl.o(.text)
    .text                                    0x0800194a   Section        0  _chval.o(.text)
    CL$$btod_d2e                             0x08001966   Section       62  btod.o(CL$$btod_d2e)
    CL$$btod_d2e_denorm_low                  0x080019a4   Section       70  btod.o(CL$$btod_d2e_denorm_low)
    CL$$btod_d2e_norm_op1                    0x080019ea   Section       96  btod.o(CL$$btod_d2e_norm_op1)
    CL$$btod_div_common                      0x08001a4a   Section      824  btod.o(CL$$btod_div_common)
    CL$$btod_e2d                             0x08001d84   Section      132  btod.o(CL$$btod_e2d)
    CL$$btod_e2e                             0x08001e08   Section      220  btod.o(CL$$btod_e2e)
    CL$$btod_ediv                            0x08001ee4   Section       42  btod.o(CL$$btod_ediv)
    CL$$btod_edivd                           0x08001f0e   Section       42  btod.o(CL$$btod_edivd)
    CL$$btod_emul                            0x08001f38   Section       42  btod.o(CL$$btod_emul)
    CL$$btod_emuld                           0x08001f62   Section       42  btod.o(CL$$btod_emuld)
    CL$$btod_mult_common                     0x08001f8c   Section      580  btod.o(CL$$btod_mult_common)
    i.AT24CXX_Read                           0x080021d0   Section        0  24cxx.o(i.AT24CXX_Read)
    i.AT24CXX_ReadOneByte                    0x080021f2   Section        0  24cxx.o(i.AT24CXX_ReadOneByte)
    i.AT24CXX_Write                          0x0800224a   Section        0  24cxx.o(i.AT24CXX_Write)
    i.AT24CXX_WriteOneByte                   0x0800226e   Section        0  24cxx.o(i.AT24CXX_WriteOneByte)
    i.BusFault_Handler                       0x080022be   Section        0  stm32f10x_it.o(i.BusFault_Handler)
    i.DebugMon_Handler                       0x080022c2   Section        0  stm32f10x_it.o(i.DebugMon_Handler)
    i.GPIO_Init                              0x080022c4   Section        0  stm32f10x_gpio.o(i.GPIO_Init)
    i.GPIO_SetBits                           0x080023da   Section        0  stm32f10x_gpio.o(i.GPIO_SetBits)
    i.HardFault_Handler                      0x080023de   Section        0  stm32f10x_it.o(i.HardFault_Handler)
    i.I2C_WriteByte                          0x080023e2   Section        0  oled_i2c.o(i.I2C_WriteByte)
    i.IIC_Ack                                0x08002410   Section        0  myiic.o(i.IIC_Ack)
    i.IIC_Init                               0x08002460   Section        0  myiic.o(i.IIC_Init)
    i.IIC_NAck                               0x08002494   Section        0  myiic.o(i.IIC_NAck)
    i.IIC_Read_Byte                          0x080024e4   Section        0  myiic.o(i.IIC_Read_Byte)
    i.IIC_Send_Byte                          0x08002554   Section        0  myiic.o(i.IIC_Send_Byte)
    i.IIC_Start                              0x080025c8   Section        0  myiic.o(i.IIC_Start)
    i.IIC_Stop                               0x08002614   Section        0  myiic.o(i.IIC_Stop)
    i.IIC_Wait_Ack                           0x08002660   Section        0  myiic.o(i.IIC_Wait_Ack)
    i.Layout_Test                            0x080026c4   Section        0  layout.o(i.Layout_Test)
    i.Layout_beep                            0x08002790   Section        0  layout.o(i.Layout_beep)
    i.Layout_display                         0x0800281c   Section        0  layout.o(i.Layout_display)
    i.Layout_init                            0x08002974   Section        0  layout.o(i.Layout_init)
    i.Layout_led                             0x08002a58   Section        0  layout.o(i.Layout_led)
    i.Layout_main                            0x08002c84   Section        0  layout.o(i.Layout_main)
    i.Layout_measure                         0x08002dc0   Section        0  layout.o(i.Layout_measure)
    i.Layout_menu                            0x08002fd0   Section        0  layout.o(i.Layout_menu)
    i.Layout_reset                           0x08003098   Section        0  layout.o(i.Layout_reset)
    i.Layout_set                             0x080032f0   Section        0  layout.o(i.Layout_set)
    i.Layout_solve                           0x08003498   Section        0  layout.o(i.Layout_solve)
    i.Layout_unlock                          0x080037d4   Section        0  layout.o(i.Layout_unlock)
    i.MemManage_Handler                      0x08003934   Section        0  stm32f10x_it.o(i.MemManage_Handler)
    i.Menu_Refresh                           0x08003938   Section        0  layout.o(i.Menu_Refresh)
    i.NMI_Handler                            0x08003a08   Section        0  stm32f10x_it.o(i.NMI_Handler)
    i.NVIC_Init                              0x08003a0c   Section        0  misc.o(i.NVIC_Init)
    i.OLED_CLS                               0x08003a7c   Section        0  oled_i2c.o(i.OLED_CLS)
    i.OLED_Fill                              0x08003a86   Section        0  oled_i2c.o(i.OLED_Fill)
    i.OLED_Init                              0x08003ac0   Section        0  oled_i2c.o(i.OLED_Init)
    i.OLED_Reverse                           0x08003b8c   Section        0  oled_i2c.o(i.OLED_Reverse)
    i.OLED_SetBrightness                     0x08003bb8   Section        0  oled_i2c.o(i.OLED_SetBrightness)
    i.OLED_SetPos                            0x08003bd6   Section        0  oled_i2c.o(i.OLED_SetPos)
    i.OLED_ShowChar                          0x08003c00   Section        0  oled_i2c.o(i.OLED_ShowChar)
    i.OLED_ShowFloat                         0x08003cac   Section        0  oled_i2c.o(i.OLED_ShowFloat)
    i.OLED_ShowInt                           0x08003cec   Section        0  oled_i2c.o(i.OLED_ShowInt)
    i.OLED_ShowRevChar                       0x08003d98   Section        0  oled_i2c.o(i.OLED_ShowRevChar)
    i.OLED_ShowRevStr                        0x08003e50   Section        0  oled_i2c.o(i.OLED_ShowRevStr)
    i.OLED_ShowStr                           0x08003f48   Section        0  oled_i2c.o(i.OLED_ShowStr)
    i.PendSV_Handler                         0x08004034   Section        0  stm32f10x_it.o(i.PendSV_Handler)
    i.RCC_APB2PeriphClockCmd                 0x08004038   Section        0  stm32f10x_rcc.o(i.RCC_APB2PeriphClockCmd)
    i.RCC_GetClocksFreq                      0x08004058   Section        0  stm32f10x_rcc.o(i.RCC_GetClocksFreq)
    i.SVC_Handler                            0x0800412c   Section        0  stm32f10x_it.o(i.SVC_Handler)
    i.Sensor_Init                            0x08004130   Section        0  sensor.o(i.Sensor_Init)
    i.Sensor_Measure                         0x08004174   Section        0  sensor.o(i.Sensor_Measure)
    i.SetSysClock                            0x080042b8   Section        0  system_stm32f10x.o(i.SetSysClock)
    SetSysClock                              0x080042b9   Thumb Code     8  system_stm32f10x.o(i.SetSysClock)
    i.SetSysClockTo72                        0x080042c0   Section        0  system_stm32f10x.o(i.SetSysClockTo72)
    SetSysClockTo72                          0x080042c1   Thumb Code   214  system_stm32f10x.o(i.SetSysClockTo72)
    i.ShowLED                                0x080043a0   Section        0  layout.o(i.ShowLED)
    i.SysTick_CLKSourceConfig                0x080043e4   Section        0  misc.o(i.SysTick_CLKSourceConfig)
    i.SysTick_Handler                        0x0800440c   Section        0  stm32f10x_it.o(i.SysTick_Handler)
    i.SystemInit                             0x08004410   Section        0  system_stm32f10x.o(i.SystemInit)
    i.USART1_IRQHandler                      0x08004470   Section        0  usart.o(i.USART1_IRQHandler)
    i.USART_Cmd                              0x080044f8   Section        0  stm32f10x_usart.o(i.USART_Cmd)
    i.USART_GetITStatus                      0x08004510   Section        0  stm32f10x_usart.o(i.USART_GetITStatus)
    i.USART_ITConfig                         0x08004564   Section        0  stm32f10x_usart.o(i.USART_ITConfig)
    i.USART_Init                             0x080045b0   Section        0  stm32f10x_usart.o(i.USART_Init)
    i.USART_ReceiveData                      0x08004688   Section        0  stm32f10x_usart.o(i.USART_ReceiveData)
    i.UsageFault_Handler                     0x08004692   Section        0  stm32f10x_it.o(i.UsageFault_Handler)
    i.WriteCmd                               0x08004696   Section        0  oled_i2c.o(i.WriteCmd)
    i.WriteDat                               0x080046a4   Section        0  oled_i2c.o(i.WriteDat)
    i.__ARM_fpclassify                       0x080046b2   Section        0  fpclassify.o(i.__ARM_fpclassify)
    i.__mathlib_dbl_overflow                 0x080046da   Section        0  dunder.o(i.__mathlib_dbl_overflow)
    i.__mathlib_dbl_underflow                0x080046e8   Section        0  dunder.o(i.__mathlib_dbl_underflow)
    i.__mathlib_narrow                       0x080046f8   Section        0  narrow.o(i.__mathlib_narrow)
    i.__mathlib_tofloat                      0x08004708   Section        0  narrow.o(i.__mathlib_tofloat)
    i.__support_ldexp                        0x080047c4   Section        0  ldexp.o(i.__support_ldexp)
    i._is_digit                              0x080047da   Section        0  __printf_wp.o(i._is_digit)
    i._sys_exit                              0x080047e8   Section        0  usart.o(i._sys_exit)
    i.b2c                                    0x080047ee   Section        0  sensor.o(i.b2c)
    i.delay_init                             0x08004810   Section        0  delay.o(i.delay_init)
    i.delay_ms                               0x08004854   Section        0  delay.o(i.delay_ms)
    i.delay_us                               0x080048a0   Section        0  delay.o(i.delay_us)
    i.fakePWM                                0x080048ec   Section        0  layout.o(i.fakePWM)
    i.fequal                                 0x08004914   Section        0  layout.o(i.fequal)
    i.frexp                                  0x08004978   Section        0  frexp.o(i.frexp)
    i.ldexp                                  0x080049d0   Section        0  ldexp.o(i.ldexp)
    i.main                                   0x08004a44   Section        0  main.o(i.main)
    i.solve_input                            0x08004ae0   Section        0  layout.o(i.solve_input)
    i.sqrt                                   0x08004b78   Section        0  sqrt.o(i.sqrt)
    i.uart_init                              0x08004bc4   Section        0  usart.o(i.uart_init)
    locale$$code                             0x08004c64   Section       44  lc_numeric_c.o(locale$$code)
    locale$$code                             0x08004c90   Section       44  lc_ctype_c.o(locale$$code)
    x$fpl$d2f                                0x08004cbc   Section       98  d2f.o(x$fpl$d2f)
    x$fpl$dadd                               0x08004d20   Section      336  daddsub_clz.o(x$fpl$dadd)
    _dadd1                                   0x08004d31   Thumb Code     0  daddsub_clz.o(x$fpl$dadd)
    x$fpl$dcheck1                            0x08004e70   Section       16  dcheck1.o(x$fpl$dcheck1)
    x$fpl$dcmpinf                            0x08004e80   Section       24  dcmpi.o(x$fpl$dcmpinf)
    x$fpl$ddiv                               0x08004e98   Section      688  ddiv.o(x$fpl$ddiv)
    ddiv_entry                               0x08004e9f   Thumb Code     0  ddiv.o(x$fpl$ddiv)
    x$fpl$deqf                               0x08005148   Section      120  deqf.o(x$fpl$deqf)
    x$fpl$dleqf                              0x080051c0   Section      120  dleqf.o(x$fpl$dleqf)
    x$fpl$dmul                               0x08005238   Section      340  dmul.o(x$fpl$dmul)
    x$fpl$dnaninf                            0x0800538c   Section      156  dnaninf.o(x$fpl$dnaninf)
    x$fpl$dretinf                            0x08005428   Section       12  dretinf.o(x$fpl$dretinf)
    x$fpl$drleqf                             0x08005434   Section      108  drleqf.o(x$fpl$drleqf)
    x$fpl$drsb                               0x080054a0   Section       22  daddsub_clz.o(x$fpl$drsb)
    x$fpl$dsqrt                              0x080054b8   Section      460  dsqrt_noumaal.o(x$fpl$dsqrt)
    x$fpl$dsub                               0x08005684   Section      468  daddsub_clz.o(x$fpl$dsub)
    _dsub1                                   0x08005695   Thumb Code     0  daddsub_clz.o(x$fpl$dsub)
    x$fpl$fretinf                            0x08005858   Section       10  fretinf.o(x$fpl$fretinf)
    x$fpl$ieeestatus                         0x08005862   Section        6  istatus.o(x$fpl$ieeestatus)
    x$fpl$printf1                            0x08005868   Section        4  printf1.o(x$fpl$printf1)
    x$fpl$retnan                             0x0800586c   Section      100  retnan.o(x$fpl$retnan)
    x$fpl$scalbn                             0x080058d0   Section       92  scalbn.o(x$fpl$scalbn)
    x$fpl$scanf1                             0x0800592c   Section        4  scanf1.o(x$fpl$scanf1)
    x$fpl$scanf2                             0x08005930   Section        8  scanf2.o(x$fpl$scanf2)
    x$fpl$trapveneer                         0x08005938   Section       48  trapv.o(x$fpl$trapveneer)
    .constdata                               0x08005968   Section     2072  oled_i2c.o(.constdata)
    x$fpl$usenofp                            0x08005968   Section        0  usenofp.o(x$fpl$usenofp)
    .constdata                               0x08006180   Section      148  bigflt0.o(.constdata)
    tenpwrs_x                                0x08006180   Data          60  bigflt0.o(.constdata)
    tenpwrs_i                                0x080061bc   Data          64  bigflt0.o(.constdata)
    c$$dinf                                  0x08006234   Section        8  fpconst.o(c$$dinf)
    c$$dmax                                  0x0800623c   Section        8  fpconst.o(c$$dmax)
    locale$$data                             0x08006244   Section       28  lc_numeric_c.o(locale$$data)
    __lcnum_c_name                           0x08006248   Data           2  lc_numeric_c.o(locale$$data)
    __lcnum_c_start                          0x08006250   Data           0  lc_numeric_c.o(locale$$data)
    __lcnum_c_point                          0x0800625c   Data           0  lc_numeric_c.o(locale$$data)
    __lcnum_c_thousands                      0x0800625e   Data           0  lc_numeric_c.o(locale$$data)
    __lcnum_c_grouping                       0x0800625f   Data           0  lc_numeric_c.o(locale$$data)
    locale$$data                             0x08006260   Section      272  lc_ctype_c.o(locale$$data)
    __lcnum_c_end                            0x08006260   Data           0  lc_numeric_c.o(locale$$data)
    __lcctype_c_name                         0x08006264   Data           2  lc_ctype_c.o(locale$$data)
    __lcctype_c_start                        0x0800626c   Data           0  lc_ctype_c.o(locale$$data)
    __lcctype_c_end                          0x08006370   Data           0  lc_ctype_c.o(locale$$data)
    .data                                    0x20000000   Section        1  main.o(.data)
    .data                                    0x20000004   Section       20  system_stm32f10x.o(.data)
    .data                                    0x20000018   Section      400  layout.o(.data)
    .data                                    0x200001a8   Section       20  stm32f10x_rcc.o(.data)
    APBAHBPrescTable                         0x200001a8   Data          16  stm32f10x_rcc.o(.data)
    ADCPrescTable                            0x200001b8   Data           4  stm32f10x_rcc.o(.data)
    .data                                    0x200001bc   Section        4  delay.o(.data)
    fac_us                                   0x200001bc   Data           1  delay.o(.data)
    fac_ms                                   0x200001be   Data           2  delay.o(.data)
    .data                                    0x200001c0   Section     1186  oled_i2c.o(.data)
    .data                                    0x20000664   Section        6  usart.o(.data)
    .bss                                     0x2000066c   Section       13  main.o(.bss)
    .bss                                     0x20000679   Section      200  usart.o(.bss)
    .bss                                     0x20000741   Section       41  sensor.o(.bss)
    .bss                                     0x2000076c   Section       96  libspace.o(.bss)
    HEAP                                     0x200007d0   Section      512  startup_stm32f10x_hd.o(HEAP)
    Heap_Mem                                 0x200007d0   Data         512  startup_stm32f10x_hd.o(HEAP)
    STACK                                    0x200009d0   Section     1024  startup_stm32f10x_hd.o(STACK)
    Stack_Mem                                0x200009d0   Data        1024  startup_stm32f10x_hd.o(STACK)
    __initial_sp                             0x20000dd0   Data           0  startup_stm32f10x_hd.o(STACK)

    Global Symbols

    Symbol Name                              Value     Ov Type        Size  Object(Section)

    BuildAttributes$$THM_ISAv4$P$D$K$B$S$PE$A:L22UL41UL21$X:L11$S22US41US21$IEEE1$IW$USESV6$~STKCKD$USESV7$~SHL$OTIME$ROPI$IEEEX$EBA8$UX$STANDARDLIB$REQ8$PRES8$EABIv2 0x00000000   Number         0  anon$$obj.o ABSOLUTE
    __ARM_use_no_argv                        0x00000000   Number         0  main.o ABSOLUTE
    _printf_flags                            0x00000000   Number         0  printf_stubs.o ABSOLUTE
    _printf_return_value                     0x00000000   Number         0  printf_stubs.o ABSOLUTE
    _printf_sizespec                         0x00000000   Number         0  printf_stubs.o ABSOLUTE
    _printf_widthprec                        0x00000000   Number         0  printf_stubs.o ABSOLUTE
    __ARM_exceptions_init                     - Undefined Weak Reference
    __alloca_initialize                       - Undefined Weak Reference
    __arm_preinit_                            - Undefined Weak Reference
    __cpp_initialize__aeabi_                  - Undefined Weak Reference
    __cxa_finalize                            - Undefined Weak Reference
    __sigvec_lookup                           - Undefined Weak Reference
    _atexit_init                              - Undefined Weak Reference
    _call_atexit_fns                          - Undefined Weak Reference
    _clock_init                               - Undefined Weak Reference
    _fp_trap_init                             - Undefined Weak Reference
    _fp_trap_shutdown                         - Undefined Weak Reference
    _get_lc_collate                           - Undefined Weak Reference
    _get_lc_monetary                          - Undefined Weak Reference
    _get_lc_time                              - Undefined Weak Reference
    _getenv_init                              - Undefined Weak Reference
    _handle_redirection                       - Undefined Weak Reference
    _init_alloc                               - Undefined Weak Reference
    _init_user_alloc                          - Undefined Weak Reference
    _initio                                   - Undefined Weak Reference
    _printf_post_padding                      - Undefined Weak Reference
    _printf_pre_padding                       - Undefined Weak Reference
    _rand_init                                - Undefined Weak Reference
    _scanf_int                                - Undefined Weak Reference
    _scanf_longlong                           - Undefined Weak Reference
    _scanf_mbtowc                             - Undefined Weak Reference
    _scanf_string                             - Undefined Weak Reference
    _scanf_wctomb                             - Undefined Weak Reference
    _scanf_wstring                            - Undefined Weak Reference
    _signal_finish                            - Undefined Weak Reference
    _signal_init                              - Undefined Weak Reference
    _terminate_alloc                          - Undefined Weak Reference
    _terminate_user_alloc                     - Undefined Weak Reference
    _terminateio                              - Undefined Weak Reference
    __Vectors_Size                           0x00000130   Number         0  startup_stm32f10x_hd.o ABSOLUTE
    __Vectors                                0x08000000   Data           4  startup_stm32f10x_hd.o(RESET)
    __Vectors_End                            0x08000130   Data           0  startup_stm32f10x_hd.o(RESET)
    __main                                   0x08000131   Thumb Code     8  __main.o(!!!main)
    __scatterload                            0x08000139   Thumb Code     0  __scatter.o(!!!scatter)
    __scatterload_rt2                        0x08000139   Thumb Code    44  __scatter.o(!!!scatter)
    __scatterload_rt2_thumb_only             0x08000139   Thumb Code     0  __scatter.o(!!!scatter)
    __scatterload_null                       0x08000147   Thumb Code     0  __scatter.o(!!!scatter)
    __decompress                             0x0800016d   Thumb Code    90  __dczerorl2.o(!!dczerorl2)
    __decompress1                            0x0800016d   Thumb Code     0  __dczerorl2.o(!!dczerorl2)
    __scatterload_zeroinit                   0x080001c9   Thumb Code    28  __scatter_zi.o(!!handler_zi)
    _printf_f                                0x080001e5   Thumb Code     0  _printf_f.o(.ARM.Collect$$_printf_percent$$00000003)
    _printf_percent                          0x080001e5   Thumb Code     0  _printf_percent.o(.ARM.Collect$$_printf_percent$$00000000)
    _printf_percent_end                      0x080001eb   Thumb Code     0  _printf_percent_end.o(.ARM.Collect$$_printf_percent$$00000017)
    __rt_lib_init                            0x080001ef   Thumb Code     0  libinit.o(.ARM.Collect$$libinit$$00000000)
    __rt_lib_init_fp_1                       0x080001f1   Thumb Code     0  libinit2.o(.ARM.Collect$$libinit$$00000002)
    __rt_lib_init_heap_1                     0x080001f1   Thumb Code     0  libinit2.o(.ARM.Collect$$libinit$$0000000A)
    __rt_lib_init_lc_common                  0x080001f1   Thumb Code     0  libinit2.o(.ARM.Collect$$libinit$$0000000F)
    __rt_lib_init_preinit_1                  0x080001f1   Thumb Code     0  libinit2.o(.ARM.Collect$$libinit$$00000004)
    __rt_lib_init_rand_1                     0x080001f1   Thumb Code     0  libinit2.o(.ARM.Collect$$libinit$$0000000E)
    __rt_lib_init_user_alloc_1               0x080001f1   Thumb Code     0  libinit2.o(.ARM.Collect$$libinit$$0000000C)
    __rt_lib_init_lc_collate_1               0x080001f7   Thumb Code     0  libinit2.o(.ARM.Collect$$libinit$$00000011)
    __rt_lib_init_lc_ctype_2                 0x080001f7   Thumb Code     0  libinit2.o(.ARM.Collect$$libinit$$00000012)
    __rt_lib_init_lc_ctype_1                 0x08000203   Thumb Code     0  libinit2.o(.ARM.Collect$$libinit$$00000013)
    __rt_lib_init_lc_monetary_1              0x08000203   Thumb Code     0  libinit2.o(.ARM.Collect$$libinit$$00000015)
    __rt_lib_init_lc_numeric_2               0x08000203   Thumb Code     0  libinit2.o(.ARM.Collect$$libinit$$00000016)
    __rt_lib_init_alloca_1                   0x0800020d   Thumb Code     0  libinit2.o(.ARM.Collect$$libinit$$0000002E)
    __rt_lib_init_argv_1                     0x0800020d   Thumb Code     0  libinit2.o(.ARM.Collect$$libinit$$0000002C)
    __rt_lib_init_atexit_1                   0x0800020d   Thumb Code     0  libinit2.o(.ARM.Collect$$libinit$$0000001B)
    __rt_lib_init_clock_1                    0x0800020d   Thumb Code     0  libinit2.o(.ARM.Collect$$libinit$$00000021)
    __rt_lib_init_cpp_1                      0x0800020d   Thumb Code     0  libinit2.o(.ARM.Collect$$libinit$$00000032)
    __rt_lib_init_exceptions_1               0x0800020d   Thumb Code     0  libinit2.o(.ARM.Collect$$libinit$$00000030)
    __rt_lib_init_fp_trap_1                  0x0800020d   Thumb Code     0  libinit2.o(.ARM.Collect$$libinit$$0000001F)
    __rt_lib_init_getenv_1                   0x0800020d   Thumb Code     0  libinit2.o(.ARM.Collect$$libinit$$00000023)
    __rt_lib_init_lc_numeric_1               0x0800020d   Thumb Code     0  libinit2.o(.ARM.Collect$$libinit$$00000017)
    __rt_lib_init_lc_time_1                  0x0800020d   Thumb Code     0  libinit2.o(.ARM.Collect$$libinit$$00000019)
    __rt_lib_init_return                     0x0800020d   Thumb Code     0  libinit2.o(.ARM.Collect$$libinit$$00000033)
    __rt_lib_init_signal_1                   0x0800020d   Thumb Code     0  libinit2.o(.ARM.Collect$$libinit$$0000001D)
    __rt_lib_init_stdio_1                    0x0800020d   Thumb Code     0  libinit2.o(.ARM.Collect$$libinit$$00000025)
    __rt_lib_shutdown                        0x0800020f   Thumb Code     0  libshutdown.o(.ARM.Collect$$libshutdown$$00000000)
    __rt_lib_shutdown_cpp_1                  0x08000211   Thumb Code     0  libshutdown2.o(.ARM.Collect$$libshutdown$$00000002)
    __rt_lib_shutdown_fp_trap_1              0x08000211   Thumb Code     0  libshutdown2.o(.ARM.Collect$$libshutdown$$00000007)
    __rt_lib_shutdown_heap_1                 0x08000211   Thumb Code     0  libshutdown2.o(.ARM.Collect$$libshutdown$$0000000F)
    __rt_lib_shutdown_return                 0x08000211   Thumb Code     0  libshutdown2.o(.ARM.Collect$$libshutdown$$00000010)
    __rt_lib_shutdown_signal_1               0x08000211   Thumb Code     0  libshutdown2.o(.ARM.Collect$$libshutdown$$0000000A)
    __rt_lib_shutdown_stdio_1                0x08000211   Thumb Code     0  libshutdown2.o(.ARM.Collect$$libshutdown$$00000004)
    __rt_lib_shutdown_user_alloc_1           0x08000211   Thumb Code     0  libshutdown2.o(.ARM.Collect$$libshutdown$$0000000C)
    __rt_entry                               0x08000213   Thumb Code     0  __rtentry.o(.ARM.Collect$$rtentry$$00000000)
    __rt_entry_presh_1                       0x08000213   Thumb Code     0  __rtentry2.o(.ARM.Collect$$rtentry$$00000002)
    __rt_entry_sh                            0x08000213   Thumb Code     0  __rtentry4.o(.ARM.Collect$$rtentry$$00000004)
    __rt_entry_li                            0x08000219   Thumb Code     0  __rtentry2.o(.ARM.Collect$$rtentry$$0000000A)
    __rt_entry_postsh_1                      0x08000219   Thumb Code     0  __rtentry2.o(.ARM.Collect$$rtentry$$00000009)
    __rt_entry_main                          0x0800021d   Thumb Code     0  __rtentry2.o(.ARM.Collect$$rtentry$$0000000D)
    __rt_entry_postli_1                      0x0800021d   Thumb Code     0  __rtentry2.o(.ARM.Collect$$rtentry$$0000000C)
    __rt_exit                                0x08000225   Thumb Code     0  rtexit.o(.ARM.Collect$$rtexit$$00000000)
    __rt_exit_ls                             0x08000227   Thumb Code     0  rtexit2.o(.ARM.Collect$$rtexit$$00000003)
    __rt_exit_prels_1                        0x08000227   Thumb Code     0  rtexit2.o(.ARM.Collect$$rtexit$$00000002)
    __rt_exit_exit                           0x0800022b   Thumb Code     0  rtexit2.o(.ARM.Collect$$rtexit$$00000004)
    Reset_Handler                            0x08000231   Thumb Code     8  startup_stm32f10x_hd.o(.text)
    ADC1_2_IRQHandler                        0x0800024b   Thumb Code     0  startup_stm32f10x_hd.o(.text)
    ADC3_IRQHandler                          0x0800024b   Thumb Code     0  startup_stm32f10x_hd.o(.text)
    CAN1_RX1_IRQHandler                      0x0800024b   Thumb Code     0  startup_stm32f10x_hd.o(.text)
    CAN1_SCE_IRQHandler                      0x0800024b   Thumb Code     0  startup_stm32f10x_hd.o(.text)
    DMA1_Channel1_IRQHandler                 0x0800024b   Thumb Code     0  startup_stm32f10x_hd.o(.text)
    DMA1_Channel2_IRQHandler                 0x0800024b   Thumb Code     0  startup_stm32f10x_hd.o(.text)
    DMA1_Channel3_IRQHandler                 0x0800024b   Thumb Code     0  startup_stm32f10x_hd.o(.text)
    DMA1_Channel4_IRQHandler                 0x0800024b   Thumb Code     0  startup_stm32f10x_hd.o(.text)
    DMA1_Channel5_IRQHandler                 0x0800024b   Thumb Code     0  startup_stm32f10x_hd.o(.text)
    DMA1_Channel6_IRQHandler                 0x0800024b   Thumb Code     0  startup_stm32f10x_hd.o(.text)
    DMA1_Channel7_IRQHandler                 0x0800024b   Thumb Code     0  startup_stm32f10x_hd.o(.text)
    DMA2_Channel1_IRQHandler                 0x0800024b   Thumb Code     0  startup_stm32f10x_hd.o(.text)
    DMA2_Channel2_IRQHandler                 0x0800024b   Thumb Code     0  startup_stm32f10x_hd.o(.text)
    DMA2_Channel3_IRQHandler                 0x0800024b   Thumb Code     0  startup_stm32f10x_hd.o(.text)
    DMA2_Channel4_5_IRQHandler               0x0800024b   Thumb Code     0  startup_stm32f10x_hd.o(.text)
    EXTI0_IRQHandler                         0x0800024b   Thumb Code     0  startup_stm32f10x_hd.o(.text)
    EXTI15_10_IRQHandler                     0x0800024b   Thumb Code     0  startup_stm32f10x_hd.o(.text)
    EXTI1_IRQHandler                         0x0800024b   Thumb Code     0  startup_stm32f10x_hd.o(.text)
    EXTI2_IRQHandler                         0x0800024b   Thumb Code     0  startup_stm32f10x_hd.o(.text)
    EXTI3_IRQHandler                         0x0800024b   Thumb Code     0  startup_stm32f10x_hd.o(.text)
    EXTI4_IRQHandler                         0x0800024b   Thumb Code     0  startup_stm32f10x_hd.o(.text)
    EXTI9_5_IRQHandler                       0x0800024b   Thumb Code     0  startup_stm32f10x_hd.o(.text)
    FLASH_IRQHandler                         0x0800024b   Thumb Code     0  startup_stm32f10x_hd.o(.text)
    FSMC_IRQHandler                          0x0800024b   Thumb Code     0  startup_stm32f10x_hd.o(.text)
    I2C1_ER_IRQHandler                       0x0800024b   Thumb Code     0  startup_stm32f10x_hd.o(.text)
    I2C1_EV_IRQHandler                       0x0800024b   Thumb Code     0  startup_stm32f10x_hd.o(.text)
    I2C2_ER_IRQHandler                       0x0800024b   Thumb Code     0  startup_stm32f10x_hd.o(.text)
    I2C2_EV_IRQHandler                       0x0800024b   Thumb Code     0  startup_stm32f10x_hd.o(.text)
    PVD_IRQHandler                           0x0800024b   Thumb Code     0  startup_stm32f10x_hd.o(.text)
    RCC_IRQHandler                           0x0800024b   Thumb Code     0  startup_stm32f10x_hd.o(.text)
    RTCAlarm_IRQHandler                      0x0800024b   Thumb Code     0  startup_stm32f10x_hd.o(.text)
    RTC_IRQHandler                           0x0800024b   Thumb Code     0  startup_stm32f10x_hd.o(.text)
    SDIO_IRQHandler                          0x0800024b   Thumb Code     0  startup_stm32f10x_hd.o(.text)
    SPI1_IRQHandler                          0x0800024b   Thumb Code     0  startup_stm32f10x_hd.o(.text)
    SPI2_IRQHandler                          0x0800024b   Thumb Code     0  startup_stm32f10x_hd.o(.text)
    SPI3_IRQHandler                          0x0800024b   Thumb Code     0  startup_stm32f10x_hd.o(.text)
    TAMPER_IRQHandler                        0x0800024b   Thumb Code     0  startup_stm32f10x_hd.o(.text)
    TIM1_BRK_IRQHandler                      0x0800024b   Thumb Code     0  startup_stm32f10x_hd.o(.text)
    TIM1_CC_IRQHandler                       0x0800024b   Thumb Code     0  startup_stm32f10x_hd.o(.text)
    TIM1_TRG_COM_IRQHandler                  0x0800024b   Thumb Code     0  startup_stm32f10x_hd.o(.text)
    TIM1_UP_IRQHandler                       0x0800024b   Thumb Code     0  startup_stm32f10x_hd.o(.text)
    TIM2_IRQHandler                          0x0800024b   Thumb Code     0  startup_stm32f10x_hd.o(.text)
    TIM3_IRQHandler                          0x0800024b   Thumb Code     0  startup_stm32f10x_hd.o(.text)
    TIM4_IRQHandler                          0x0800024b   Thumb Code     0  startup_stm32f10x_hd.o(.text)
    TIM5_IRQHandler                          0x0800024b   Thumb Code     0  startup_stm32f10x_hd.o(.text)
    TIM6_IRQHandler                          0x0800024b   Thumb Code     0  startup_stm32f10x_hd.o(.text)
    TIM7_IRQHandler                          0x0800024b   Thumb Code     0  startup_stm32f10x_hd.o(.text)
    TIM8_BRK_IRQHandler                      0x0800024b   Thumb Code     0  startup_stm32f10x_hd.o(.text)
    TIM8_CC_IRQHandler                       0x0800024b   Thumb Code     0  startup_stm32f10x_hd.o(.text)
    TIM8_TRG_COM_IRQHandler                  0x0800024b   Thumb Code     0  startup_stm32f10x_hd.o(.text)
    TIM8_UP_IRQHandler                       0x0800024b   Thumb Code     0  startup_stm32f10x_hd.o(.text)
    UART4_IRQHandler                         0x0800024b   Thumb Code     0  startup_stm32f10x_hd.o(.text)
    UART5_IRQHandler                         0x0800024b   Thumb Code     0  startup_stm32f10x_hd.o(.text)
    USART2_IRQHandler                        0x0800024b   Thumb Code     0  startup_stm32f10x_hd.o(.text)
    USART3_IRQHandler                        0x0800024b   Thumb Code     0  startup_stm32f10x_hd.o(.text)
    USBWakeUp_IRQHandler                     0x0800024b   Thumb Code     0  startup_stm32f10x_hd.o(.text)
    USB_HP_CAN1_TX_IRQHandler                0x0800024b   Thumb Code     0  startup_stm32f10x_hd.o(.text)
    USB_LP_CAN1_RX0_IRQHandler               0x0800024b   Thumb Code     0  startup_stm32f10x_hd.o(.text)
    WWDG_IRQHandler                          0x0800024b   Thumb Code     0  startup_stm32f10x_hd.o(.text)
    __user_initial_stackheap                 0x0800024d   Thumb Code     0  startup_stm32f10x_hd.o(.text)
    __use_no_semihosting                     0x08000271   Thumb Code     2  use_no_semi_2.o(.text)
    __2sprintf                               0x08000275   Thumb Code    34  noretval__2sprintf.o(.text)
    __printf                                 0x0800029d   Thumb Code   352  __printf_ss_wp.o(.text)
    __0sscanf                                0x080003fd   Thumb Code    52  __0sscanf.o(.text)
    strlen                                   0x08000439   Thumb Code    62  strlen.o(.text)
    __use_two_region_memory                  0x08000477   Thumb Code     2  heapauxi.o(.text)
    __rt_heap_escrow$2region                 0x08000479   Thumb Code     2  heapauxi.o(.text)
    __rt_heap_expand$2region                 0x0800047b   Thumb Code     2  heapauxi.o(.text)
    __I$use$semihosting                      0x0800047d   Thumb Code     0  use_no_semi.o(.text)
    __use_no_semihosting_swi                 0x0800047d   Thumb Code     2  use_no_semi.o(.text)
    __read_errno                             0x0800047f   Thumb Code    10  _rserrno.o(.text)
    __set_errno                              0x08000489   Thumb Code    12  _rserrno.o(.text)
    __lib_sel_fp_printf                      0x08000495   Thumb Code     2  _printf_fp_dec.o(.text)
    _printf_fp_dec_real                      0x08000647   Thumb Code   620  _printf_fp_dec.o(.text)
    _printf_char_common                      0x080008bf   Thumb Code    32  _printf_char_common.o(.text)
    _sputc                                   0x080008e5   Thumb Code    10  _sputc.o(.text)
    _scanf_really_real                       0x08000b3d   Thumb Code   684  scanf_fp.o(.text)
    __vfscanf_char                           0x08000df5   Thumb Code    24  scanf_char.o(.text)
    _sgetc                                   0x08000e15   Thumb Code    30  _sgetc.o(.text)
    _sbackspace                              0x08000e33   Thumb Code    34  _sgetc.o(.text)
    __rt_locale                              0x08000e55   Thumb Code     8  rt_locale_intlibspace.o(.text)
    __aeabi_errno_addr                       0x08000e5d   Thumb Code     8  rt_errno_addr_intlibspace.o(.text)
    __errno$intlibspace                      0x08000e5d   Thumb Code     0  rt_errno_addr_intlibspace.o(.text)
    __rt_errno_addr$intlibspace              0x08000e5d   Thumb Code     0  rt_errno_addr_intlibspace.o(.text)
    _ll_udiv10                               0x08000e65   Thumb Code   138  lludiv10.o(.text)
    isspace                                  0x08000eef   Thumb Code    18  isspace.o(.text)
    _printf_fp_infnan                        0x08000f01   Thumb Code   112  _printf_fp_infnan.o(.text)
    __vfscanf                                0x08000f81   Thumb Code   878  _scanf.o(.text)
    _btod_etento                             0x080012f5   Thumb Code   224  bigflt0.o(.text)
    __user_libspace                          0x080013d9   Thumb Code     8  libspace.o(.text)
    __user_perproc_libspace                  0x080013d9   Thumb Code     0  libspace.o(.text)
    __user_perthread_libspace                0x080013d9   Thumb Code     0  libspace.o(.text)
    __user_setup_stackheap                   0x080013e1   Thumb Code    74  sys_stackheap_outer.o(.text)
    __rt_ctype_table                         0x0800142d   Thumb Code    16  rt_ctype_table.o(.text)
    _scanf_really_hex_real                   0x0800143d   Thumb Code   786  scanf_hexfp.o(.text)
    _scanf_really_infnan                     0x0800175d   Thumb Code   292  scanf_infnan.o(.text)
    exit                                     0x08001891   Thumb Code    18  exit.o(.text)
    strcmp                                   0x080018a5   Thumb Code   128  strcmpv7m.o(.text)
    __aeabi_llsl                             0x08001925   Thumb Code     0  llshl.o(.text)
    _ll_shift_l                              0x08001925   Thumb Code    38  llshl.o(.text)
    _chval                                   0x0800194b   Thumb Code    28  _chval.o(.text)
    _btod_d2e                                0x08001967   Thumb Code    62  btod.o(CL$$btod_d2e)
    _d2e_denorm_low                          0x080019a5   Thumb Code    70  btod.o(CL$$btod_d2e_denorm_low)
    _d2e_norm_op1                            0x080019eb   Thumb Code    96  btod.o(CL$$btod_d2e_norm_op1)
    __btod_div_common                        0x08001a4b   Thumb Code   696  btod.o(CL$$btod_div_common)
    _e2d                                     0x08001d85   Thumb Code   122  btod.o(CL$$btod_e2d)
    _e2e                                     0x08001e09   Thumb Code   220  btod.o(CL$$btod_e2e)
    _btod_ediv                               0x08001ee5   Thumb Code    42  btod.o(CL$$btod_ediv)
    _btod_edivd                              0x08001f0f   Thumb Code    42  btod.o(CL$$btod_edivd)
    _btod_emul                               0x08001f39   Thumb Code    42  btod.o(CL$$btod_emul)
    _btod_emuld                              0x08001f63   Thumb Code    42  btod.o(CL$$btod_emuld)
    __btod_mult_common                       0x08001f8d   Thumb Code   580  btod.o(CL$$btod_mult_common)
    AT24CXX_Read                             0x080021d1   Thumb Code    34  24cxx.o(i.AT24CXX_Read)
    AT24CXX_ReadOneByte                      0x080021f3   Thumb Code    88  24cxx.o(i.AT24CXX_ReadOneByte)
    AT24CXX_Write                            0x0800224b   Thumb Code    36  24cxx.o(i.AT24CXX_Write)
    AT24CXX_WriteOneByte                     0x0800226f   Thumb Code    80  24cxx.o(i.AT24CXX_WriteOneByte)
    BusFault_Handler                         0x080022bf   Thumb Code     4  stm32f10x_it.o(i.BusFault_Handler)
    DebugMon_Handler                         0x080022c3   Thumb Code     2  stm32f10x_it.o(i.DebugMon_Handler)
    GPIO_Init                                0x080022c5   Thumb Code   278  stm32f10x_gpio.o(i.GPIO_Init)
    GPIO_SetBits                             0x080023db   Thumb Code     4  stm32f10x_gpio.o(i.GPIO_SetBits)
    HardFault_Handler                        0x080023df   Thumb Code     4  stm32f10x_it.o(i.HardFault_Handler)
    I2C_WriteByte                            0x080023e3   Thumb Code    46  oled_i2c.o(i.I2C_WriteByte)
    IIC_Ack                                  0x08002411   Thumb Code    66  myiic.o(i.IIC_Ack)
    IIC_Init                                 0x08002461   Thumb Code    46  myiic.o(i.IIC_Init)
    IIC_NAck                                 0x08002495   Thumb Code    66  myiic.o(i.IIC_NAck)
    IIC_Read_Byte                            0x080024e5   Thumb Code    98  myiic.o(i.IIC_Read_Byte)
    IIC_Send_Byte                            0x08002555   Thumb Code   104  myiic.o(i.IIC_Send_Byte)
    IIC_Start                                0x080025c9   Thumb Code    64  myiic.o(i.IIC_Start)
    IIC_Stop                                 0x08002615   Thumb Code    62  myiic.o(i.IIC_Stop)
    IIC_Wait_Ack                             0x08002661   Thumb Code    86  myiic.o(i.IIC_Wait_Ack)
    Layout_Test                              0x080026c5   Thumb Code   114  layout.o(i.Layout_Test)
    Layout_beep                              0x08002791   Thumb Code   106  layout.o(i.Layout_beep)
    Layout_display                           0x0800281d   Thumb Code   282  layout.o(i.Layout_display)
    Layout_init                              0x08002975   Thumb Code   192  layout.o(i.Layout_init)
    Layout_led                               0x08002a59   Thumb Code   512  layout.o(i.Layout_led)
    Layout_main                              0x08002c85   Thumb Code   202  layout.o(i.Layout_main)
    Layout_measure                           0x08002dc1   Thumb Code   394  layout.o(i.Layout_measure)
    Layout_menu                              0x08002fd1   Thumb Code   172  layout.o(i.Layout_menu)
    Layout_reset                             0x08003099   Thumb Code   486  layout.o(i.Layout_reset)
    Layout_set                               0x080032f1   Thumb Code   272  layout.o(i.Layout_set)
    Layout_solve                             0x08003499   Thumb Code   560  layout.o(i.Layout_solve)
    Layout_unlock                            0x080037d5   Thumb Code   270  layout.o(i.Layout_unlock)
    MemManage_Handler                        0x08003935   Thumb Code     4  stm32f10x_it.o(i.MemManage_Handler)
    Menu_Refresh                             0x08003939   Thumb Code   180  layout.o(i.Menu_Refresh)
    NMI_Handler                              0x08003a09   Thumb Code     2  stm32f10x_it.o(i.NMI_Handler)
    NVIC_Init                                0x08003a0d   Thumb Code   100  misc.o(i.NVIC_Init)
    OLED_CLS                                 0x08003a7d   Thumb Code    10  oled_i2c.o(i.OLED_CLS)
    OLED_Fill                                0x08003a87   Thumb Code    58  oled_i2c.o(i.OLED_Fill)
    OLED_Init                                0x08003ac1   Thumb Code   194  oled_i2c.o(i.OLED_Init)
    OLED_Reverse                             0x08003b8d   Thumb Code    40  oled_i2c.o(i.OLED_Reverse)
    OLED_SetBrightness                       0x08003bb9   Thumb Code    30  oled_i2c.o(i.OLED_SetBrightness)
    OLED_SetPos                              0x08003bd7   Thumb Code    40  oled_i2c.o(i.OLED_SetPos)
    OLED_ShowChar                            0x08003c01   Thumb Code   164  oled_i2c.o(i.OLED_ShowChar)
    OLED_ShowFloat                           0x08003cad   Thumb Code    58  oled_i2c.o(i.OLED_ShowFloat)
    OLED_ShowInt                             0x08003ced   Thumb Code   170  oled_i2c.o(i.OLED_ShowInt)
    OLED_ShowRevChar                         0x08003d99   Thumb Code   176  oled_i2c.o(i.OLED_ShowRevChar)
    OLED_ShowRevStr                          0x08003e51   Thumb Code   240  oled_i2c.o(i.OLED_ShowRevStr)
    OLED_ShowStr                             0x08003f49   Thumb Code   228  oled_i2c.o(i.OLED_ShowStr)
    PendSV_Handler                           0x08004035   Thumb Code     2  stm32f10x_it.o(i.PendSV_Handler)
    RCC_APB2PeriphClockCmd                   0x08004039   Thumb Code    26  stm32f10x_rcc.o(i.RCC_APB2PeriphClockCmd)
    RCC_GetClocksFreq                        0x08004059   Thumb Code   192  stm32f10x_rcc.o(i.RCC_GetClocksFreq)
    SVC_Handler                              0x0800412d   Thumb Code     2  stm32f10x_it.o(i.SVC_Handler)
    Sensor_Init                              0x08004131   Thumb Code    60  sensor.o(i.Sensor_Init)
    Sensor_Measure                           0x08004175   Thumb Code   306  sensor.o(i.Sensor_Measure)
    ShowLED                                  0x080043a1   Thumb Code    50  layout.o(i.ShowLED)
    SysTick_CLKSourceConfig                  0x080043e5   Thumb Code    40  misc.o(i.SysTick_CLKSourceConfig)
    SysTick_Handler                          0x0800440d   Thumb Code     2  stm32f10x_it.o(i.SysTick_Handler)
    SystemInit                               0x08004411   Thumb Code    78  system_stm32f10x.o(i.SystemInit)
    USART1_IRQHandler                        0x08004471   Thumb Code   122  usart.o(i.USART1_IRQHandler)
    USART_Cmd                                0x080044f9   Thumb Code    24  stm32f10x_usart.o(i.USART_Cmd)
    USART_GetITStatus                        0x08004511   Thumb Code    84  stm32f10x_usart.o(i.USART_GetITStatus)
    USART_ITConfig                           0x08004565   Thumb Code    74  stm32f10x_usart.o(i.USART_ITConfig)
    USART_Init                               0x080045b1   Thumb Code   210  stm32f10x_usart.o(i.USART_Init)
    USART_ReceiveData                        0x08004689   Thumb Code    10  stm32f10x_usart.o(i.USART_ReceiveData)
    UsageFault_Handler                       0x08004693   Thumb Code     4  stm32f10x_it.o(i.UsageFault_Handler)
    WriteCmd                                 0x08004697   Thumb Code    14  oled_i2c.o(i.WriteCmd)
    WriteDat                                 0x080046a5   Thumb Code    14  oled_i2c.o(i.WriteDat)
    __ARM_fpclassify                         0x080046b3   Thumb Code    40  fpclassify.o(i.__ARM_fpclassify)
    __mathlib_dbl_overflow                   0x080046db   Thumb Code    14  dunder.o(i.__mathlib_dbl_overflow)
    __mathlib_dbl_underflow                  0x080046e9   Thumb Code    10  dunder.o(i.__mathlib_dbl_underflow)
    __mathlib_narrow                         0x080046f9   Thumb Code    16  narrow.o(i.__mathlib_narrow)
    __mathlib_tofloat                        0x08004709   Thumb Code   184  narrow.o(i.__mathlib_tofloat)
    __support_ldexp                          0x080047c5   Thumb Code    22  ldexp.o(i.__support_ldexp)
    _is_digit                                0x080047db   Thumb Code    14  __printf_wp.o(i._is_digit)
    _sys_exit                                0x080047e9   Thumb Code     6  usart.o(i._sys_exit)
    b2c                                      0x080047ef   Thumb Code    34  sensor.o(i.b2c)
    delay_init                               0x08004811   Thumb Code    50  delay.o(i.delay_init)
    delay_ms                                 0x08004855   Thumb Code    72  delay.o(i.delay_ms)
    delay_us                                 0x080048a1   Thumb Code    72  delay.o(i.delay_us)
    fakePWM                                  0x080048ed   Thumb Code    38  layout.o(i.fakePWM)
    fequal                                   0x08004915   Thumb Code    92  layout.o(i.fequal)
    frexp                                    0x08004979   Thumb Code    80  frexp.o(i.frexp)
    ldexp                                    0x080049d1   Thumb Code   116  ldexp.o(i.ldexp)
    main                                     0x08004a45   Thumb Code   142  main.o(i.main)
    solve_input                              0x08004ae1   Thumb Code   126  layout.o(i.solve_input)
    sqrt                                     0x08004b79   Thumb Code    76  sqrt.o(i.sqrt)
    uart_init                                0x08004bc5   Thumb Code   152  usart.o(i.uart_init)
    _get_lc_numeric                          0x08004c65   Thumb Code    44  lc_numeric_c.o(locale$$code)
    _get_lc_ctype                            0x08004c91   Thumb Code    44  lc_ctype_c.o(locale$$code)
    __aeabi_d2f                              0x08004cbd   Thumb Code     0  d2f.o(x$fpl$d2f)
    _d2f                                     0x08004cbd   Thumb Code    98  d2f.o(x$fpl$d2f)
    __aeabi_dadd                             0x08004d21   Thumb Code     0  daddsub_clz.o(x$fpl$dadd)
    _dadd                                    0x08004d21   Thumb Code   332  daddsub_clz.o(x$fpl$dadd)
    __fpl_dcheck_NaN1                        0x08004e71   Thumb Code    10  dcheck1.o(x$fpl$dcheck1)
    __fpl_dcmp_Inf                           0x08004e81   Thumb Code    24  dcmpi.o(x$fpl$dcmpinf)
    __aeabi_ddiv                             0x08004e99   Thumb Code     0  ddiv.o(x$fpl$ddiv)
    _ddiv                                    0x08004e99   Thumb Code   552  ddiv.o(x$fpl$ddiv)
    __aeabi_cdcmpeq                          0x08005149   Thumb Code     0  deqf.o(x$fpl$deqf)
    _dcmpeq                                  0x08005149   Thumb Code   120  deqf.o(x$fpl$deqf)
    __aeabi_cdcmple                          0x080051c1   Thumb Code     0  dleqf.o(x$fpl$dleqf)
    _dcmple                                  0x080051c1   Thumb Code   120  dleqf.o(x$fpl$dleqf)
    __fpl_dcmple_InfNaN                      0x08005223   Thumb Code     0  dleqf.o(x$fpl$dleqf)
    __aeabi_dmul                             0x08005239   Thumb Code     0  dmul.o(x$fpl$dmul)
    _dmul                                    0x08005239   Thumb Code   332  dmul.o(x$fpl$dmul)
    __fpl_dnaninf                            0x0800538d   Thumb Code   156  dnaninf.o(x$fpl$dnaninf)
    __fpl_dretinf                            0x08005429   Thumb Code    12  dretinf.o(x$fpl$dretinf)
    __aeabi_cdrcmple                         0x08005435   Thumb Code     0  drleqf.o(x$fpl$drleqf)
    _drcmple                                 0x08005435   Thumb Code   108  drleqf.o(x$fpl$drleqf)
    __aeabi_drsub                            0x080054a1   Thumb Code     0  daddsub_clz.o(x$fpl$drsb)
    _drsb                                    0x080054a1   Thumb Code    22  daddsub_clz.o(x$fpl$drsb)
    _dsqrt                                   0x080054b9   Thumb Code   456  dsqrt_noumaal.o(x$fpl$dsqrt)
    __aeabi_dsub                             0x08005685   Thumb Code     0  daddsub_clz.o(x$fpl$dsub)
    _dsub                                    0x08005685   Thumb Code   464  daddsub_clz.o(x$fpl$dsub)
    __fpl_fretinf                            0x08005859   Thumb Code    10  fretinf.o(x$fpl$fretinf)
    __ieee_status                            0x08005863   Thumb Code     6  istatus.o(x$fpl$ieeestatus)
    _printf_fp_dec                           0x08005869   Thumb Code     4  printf1.o(x$fpl$printf1)
    __fpl_return_NaN                         0x0800586d   Thumb Code   100  retnan.o(x$fpl$retnan)
    __ARM_scalbn                             0x080058d1   Thumb Code    92  scalbn.o(x$fpl$scalbn)
    _scanf_real                              0x0800592d   Thumb Code     4  scanf1.o(x$fpl$scanf1)
    _scanf_hex_real                          0x08005931   Thumb Code     4  scanf2.o(x$fpl$scanf2)
    _scanf_infnan                            0x08005935   Thumb Code     4  scanf2.o(x$fpl$scanf2)
    __fpl_cmpreturn                          0x08005939   Thumb Code    48  trapv.o(x$fpl$trapveneer)
    F6x8                                     0x08005968   Data         552  oled_i2c.o(.constdata)
    __I$use$fp                               0x08005968   Number         0  usenofp.o(x$fpl$usenofp)
    F8X16                                    0x08005b90   Data        1520  oled_i2c.o(.constdata)
    Region$$Table$$Base                      0x08006214   Number         0  anon$$obj.o(Region$$Table)
    Region$$Table$$Limit                     0x08006234   Number         0  anon$$obj.o(Region$$Table)
    __aeabi_HUGE_VAL                         0x08006234   Data           0  fpconst.o(c$$dinf)
    __aeabi_HUGE_VALL                        0x08006234   Data           0  fpconst.o(c$$dinf)
    __aeabi_INFINITY                         0x08006234   Data           0  fpconst.o(c$$dinf)
    __dInf                                   0x08006234   Data           0  fpconst.o(c$$dinf)
    __huge_val                               0x08006234   Data           0  fpconst.o(c$$dinf)
    __dbl_max                                0x0800623c   Data           0  fpconst.o(c$$dmax)
    __ctype                                  0x0800626d   Data           0  lc_ctype_c.o(locale$$data)
    PassExist                                0x20000000   Data           1  main.o(.data)
    SystemCoreClock                          0x20000004   Data           4  system_stm32f10x.o(.data)
    AHBPrescTable                            0x20000008   Data          16  system_stm32f10x.o(.data)
    list                                     0x20000018   Data         400  layout.o(.data)
    F16x16                                   0x200001c0   Data         160  oled_i2c.o(.data)
    BMP1                                     0x20000260   Data        1024  oled_i2c.o(.data)
    RevState                                 0x20000660   Data           1  oled_i2c.o(.data)
    brightness                               0x20000661   Data           1  oled_i2c.o(.data)
    __stdout                                 0x20000664   Data           4  usart.o(.data)
    USART_RX_STA                             0x20000668   Data           2  usart.o(.data)
    Pswd                                     0x2000066c   Data          13  main.o(.bss)
    USART_RX_BUF                             0x20000679   Data         200  usart.o(.bss)
    data                                     0x20000741   Data          41  sensor.o(.bss)
    __libspace_start                         0x2000076c   Data          96  libspace.o(.bss)
    __temporary_stack_top$libspace           0x200007cc   Data           0  libspace.o(.bss)



==============================================================================

Memory Map of the image

  Image Entry point : 0x08000231

  Load Region LR_1 (Base: 0x08000000, Size: 0x000069dc, Max: 0xffffffff, ABSOLUTE, COMPRESSED[0x0000658c])

    Execution Region ER_RO (Exec base: 0x08000000, Load base: 0x08000000, Size: 0x00006370, Max: 0xffffffff, ABSOLUTE)

    Exec Addr    Load Addr    Size         Type   Attr      Idx    E Section Name        Object

    0x08000000   0x08000000   0x00000130   Data   RO           19    RESET               startup_stm32f10x_hd.o
    0x08000130   0x08000130   0x00000008   Code   RO         1991  * !!!main             c_w.l(__main.o)
    0x08000138   0x08000138   0x00000034   Code   RO         2334    !!!scatter          c_w.l(__scatter.o)
    0x0800016c   0x0800016c   0x0000005a   Code   RO         2332    !!dczerorl2         c_w.l(__dczerorl2.o)
    0x080001c6   0x080001c6   0x00000002   PAD
    0x080001c8   0x080001c8   0x0000001c   Code   RO         2336    !!handler_zi        c_w.l(__scatter_zi.o)
    0x080001e4   0x080001e4   0x00000000   Code   RO         1984    .ARM.Collect$$_printf_percent$$00000000  c_w.l(_printf_percent.o)
    0x080001e4   0x080001e4   0x00000006   Code   RO         1983    .ARM.Collect$$_printf_percent$$00000003  c_w.l(_printf_f.o)
    0x080001ea   0x080001ea   0x00000004   Code   RO         2038    .ARM.Collect$$_printf_percent$$00000017  c_w.l(_printf_percent_end.o)
    0x080001ee   0x080001ee   0x00000002   Code   RO         2157    .ARM.Collect$$libinit$$00000000  c_w.l(libinit.o)
    0x080001f0   0x080001f0   0x00000000   Code   RO         2159    .ARM.Collect$$libinit$$00000002  c_w.l(libinit2.o)
    0x080001f0   0x080001f0   0x00000000   Code   RO         2161    .ARM.Collect$$libinit$$00000004  c_w.l(libinit2.o)
    0x080001f0   0x080001f0   0x00000000   Code   RO         2164    .ARM.Collect$$libinit$$0000000A  c_w.l(libinit2.o)
    0x080001f0   0x080001f0   0x00000000   Code   RO         2166    .ARM.Collect$$libinit$$0000000C  c_w.l(libinit2.o)
    0x080001f0   0x080001f0   0x00000000   Code   RO         2168    .ARM.Collect$$libinit$$0000000E  c_w.l(libinit2.o)
    0x080001f0   0x080001f0   0x00000006   Code   RO         2169    .ARM.Collect$$libinit$$0000000F  c_w.l(libinit2.o)
    0x080001f6   0x080001f6   0x00000000   Code   RO         2171    .ARM.Collect$$libinit$$00000011  c_w.l(libinit2.o)
    0x080001f6   0x080001f6   0x0000000c   Code   RO         2172    .ARM.Collect$$libinit$$00000012  c_w.l(libinit2.o)
    0x08000202   0x08000202   0x00000000   Code   RO         2173    .ARM.Collect$$libinit$$00000013  c_w.l(libinit2.o)
    0x08000202   0x08000202   0x00000000   Code   RO         2175    .ARM.Collect$$libinit$$00000015  c_w.l(libinit2.o)
    0x08000202   0x08000202   0x0000000a   Code   RO         2176    .ARM.Collect$$libinit$$00000016  c_w.l(libinit2.o)
    0x0800020c   0x0800020c   0x00000000   Code   RO         2177    .ARM.Collect$$libinit$$00000017  c_w.l(libinit2.o)
    0x0800020c   0x0800020c   0x00000000   Code   RO         2179    .ARM.Collect$$libinit$$00000019  c_w.l(libinit2.o)
    0x0800020c   0x0800020c   0x00000000   Code   RO         2181    .ARM.Collect$$libinit$$0000001B  c_w.l(libinit2.o)
    0x0800020c   0x0800020c   0x00000000   Code   RO         2183    .ARM.Collect$$libinit$$0000001D  c_w.l(libinit2.o)
    0x0800020c   0x0800020c   0x00000000   Code   RO         2185    .ARM.Collect$$libinit$$0000001F  c_w.l(libinit2.o)
    0x0800020c   0x0800020c   0x00000000   Code   RO         2187    .ARM.Collect$$libinit$$00000021  c_w.l(libinit2.o)
    0x0800020c   0x0800020c   0x00000000   Code   RO         2189    .ARM.Collect$$libinit$$00000023  c_w.l(libinit2.o)
    0x0800020c   0x0800020c   0x00000000   Code   RO         2191    .ARM.Collect$$libinit$$00000025  c_w.l(libinit2.o)
    0x0800020c   0x0800020c   0x00000000   Code   RO         2195    .ARM.Collect$$libinit$$0000002C  c_w.l(libinit2.o)
    0x0800020c   0x0800020c   0x00000000   Code   RO         2197    .ARM.Collect$$libinit$$0000002E  c_w.l(libinit2.o)
    0x0800020c   0x0800020c   0x00000000   Code   RO         2199    .ARM.Collect$$libinit$$00000030  c_w.l(libinit2.o)
    0x0800020c   0x0800020c   0x00000000   Code   RO         2201    .ARM.Collect$$libinit$$00000032  c_w.l(libinit2.o)
    0x0800020c   0x0800020c   0x00000002   Code   RO         2202    .ARM.Collect$$libinit$$00000033  c_w.l(libinit2.o)
    0x0800020e   0x0800020e   0x00000002   Code   RO         2278    .ARM.Collect$$libshutdown$$00000000  c_w.l(libshutdown.o)
    0x08000210   0x08000210   0x00000000   Code   RO         2289    .ARM.Collect$$libshutdown$$00000002  c_w.l(libshutdown2.o)
    0x08000210   0x08000210   0x00000000   Code   RO         2291    .ARM.Collect$$libshutdown$$00000004  c_w.l(libshutdown2.o)
    0x08000210   0x08000210   0x00000000   Code   RO         2294    .ARM.Collect$$libshutdown$$00000007  c_w.l(libshutdown2.o)
    0x08000210   0x08000210   0x00000000   Code   RO         2297    .ARM.Collect$$libshutdown$$0000000A  c_w.l(libshutdown2.o)
    0x08000210   0x08000210   0x00000000   Code   RO         2299    .ARM.Collect$$libshutdown$$0000000C  c_w.l(libshutdown2.o)
    0x08000210   0x08000210   0x00000000   Code   RO         2302    .ARM.Collect$$libshutdown$$0000000F  c_w.l(libshutdown2.o)
    0x08000210   0x08000210   0x00000002   Code   RO         2303    .ARM.Collect$$libshutdown$$00000010  c_w.l(libshutdown2.o)
    0x08000212   0x08000212   0x00000000   Code   RO         2029    .ARM.Collect$$rtentry$$00000000  c_w.l(__rtentry.o)
    0x08000212   0x08000212   0x00000000   Code   RO         2055    .ARM.Collect$$rtentry$$00000002  c_w.l(__rtentry2.o)
    0x08000212   0x08000212   0x00000006   Code   RO         2067    .ARM.Collect$$rtentry$$00000004  c_w.l(__rtentry4.o)
    0x08000218   0x08000218   0x00000000   Code   RO         2057    .ARM.Collect$$rtentry$$00000009  c_w.l(__rtentry2.o)
    0x08000218   0x08000218   0x00000004   Code   RO         2058    .ARM.Collect$$rtentry$$0000000A  c_w.l(__rtentry2.o)
    0x0800021c   0x0800021c   0x00000000   Code   RO         2060    .ARM.Collect$$rtentry$$0000000C  c_w.l(__rtentry2.o)
    0x0800021c   0x0800021c   0x00000008   Code   RO         2061    .ARM.Collect$$rtentry$$0000000D  c_w.l(__rtentry2.o)
    0x08000224   0x08000224   0x00000002   Code   RO         2211    .ARM.Collect$$rtexit$$00000000  c_w.l(rtexit.o)
    0x08000226   0x08000226   0x00000000   Code   RO         2241    .ARM.Collect$$rtexit$$00000002  c_w.l(rtexit2.o)
    0x08000226   0x08000226   0x00000004   Code   RO         2242    .ARM.Collect$$rtexit$$00000003  c_w.l(rtexit2.o)
    0x0800022a   0x0800022a   0x00000006   Code   RO         2243    .ARM.Collect$$rtexit$$00000004  c_w.l(rtexit2.o)
    0x08000230   0x08000230   0x00000040   Code   RO           20  * .text               startup_stm32f10x_hd.o
    0x08000270   0x08000270   0x00000002   Code   RO         1955    .text               c_w.l(use_no_semi_2.o)
    0x08000272   0x08000272   0x00000002   PAD
    0x08000274   0x08000274   0x00000028   Code   RO         1959    .text               c_w.l(noretval__2sprintf.o)
    0x0800029c   0x0800029c   0x00000160   Code   RO         1978    .text               c_w.l(__printf_ss_wp.o)
    0x080003fc   0x080003fc   0x0000003c   Code   RO         1985    .text               c_w.l(__0sscanf.o)
    0x08000438   0x08000438   0x0000003e   Code   RO         1987    .text               c_w.l(strlen.o)
    0x08000476   0x08000476   0x00000006   Code   RO         1989    .text               c_w.l(heapauxi.o)
    0x0800047c   0x0800047c   0x00000002   Code   RO         2027    .text               c_w.l(use_no_semi.o)
    0x0800047e   0x0800047e   0x00000016   Code   RO         2030    .text               c_w.l(_rserrno.o)
    0x08000494   0x08000494   0x0000041e   Code   RO         2032    .text               c_w.l(_printf_fp_dec.o)
    0x080008b2   0x080008b2   0x00000002   PAD
    0x080008b4   0x080008b4   0x00000030   Code   RO         2034    .text               c_w.l(_printf_char_common.o)
    0x080008e4   0x080008e4   0x0000000a   Code   RO         2036    .text               c_w.l(_sputc.o)
    0x080008ee   0x080008ee   0x00000002   PAD
    0x080008f0   0x080008f0   0x000004f8   Code   RO         2039    .text               c_w.l(scanf_fp.o)
    0x08000de8   0x08000de8   0x0000002c   Code   RO         2041    .text               c_w.l(scanf_char.o)
    0x08000e14   0x08000e14   0x00000040   Code   RO         2043    .text               c_w.l(_sgetc.o)
    0x08000e54   0x08000e54   0x00000008   Code   RO         2072    .text               c_w.l(rt_locale_intlibspace.o)
    0x08000e5c   0x08000e5c   0x00000008   Code   RO         2077    .text               c_w.l(rt_errno_addr_intlibspace.o)
    0x08000e64   0x08000e64   0x0000008a   Code   RO         2079    .text               c_w.l(lludiv10.o)
    0x08000eee   0x08000eee   0x00000012   Code   RO         2081    .text               c_w.l(isspace.o)
    0x08000f00   0x08000f00   0x00000080   Code   RO         2083    .text               c_w.l(_printf_fp_infnan.o)
    0x08000f80   0x08000f80   0x00000374   Code   RO         2087    .text               c_w.l(_scanf.o)
    0x080012f4   0x080012f4   0x000000e4   Code   RO         2089    .text               c_w.l(bigflt0.o)
    0x080013d8   0x080013d8   0x00000008   Code   RO         2137    .text               c_w.l(libspace.o)
    0x080013e0   0x080013e0   0x0000004a   Code   RO         2140    .text               c_w.l(sys_stackheap_outer.o)
    0x0800142a   0x0800142a   0x00000002   PAD
    0x0800142c   0x0800142c   0x00000010   Code   RO         2142    .text               c_w.l(rt_ctype_table.o)
    0x0800143c   0x0800143c   0x00000320   Code   RO         2144    .text               c_w.l(scanf_hexfp.o)
    0x0800175c   0x0800175c   0x00000134   Code   RO         2146    .text               c_w.l(scanf_infnan.o)
    0x08001890   0x08001890   0x00000012   Code   RO         2148    .text               c_w.l(exit.o)
    0x080018a2   0x080018a2   0x00000002   PAD
    0x080018a4   0x080018a4   0x00000080   Code   RO         2150    .text               c_w.l(strcmpv7m.o)
    0x08001924   0x08001924   0x00000026   Code   RO         2213    .text               c_w.l(llshl.o)
    0x0800194a   0x0800194a   0x0000001c   Code   RO         2215    .text               c_w.l(_chval.o)
    0x08001966   0x08001966   0x0000003e   Code   RO         2092    CL$$btod_d2e        c_w.l(btod.o)
    0x080019a4   0x080019a4   0x00000046   Code   RO         2094    CL$$btod_d2e_denorm_low  c_w.l(btod.o)
    0x080019ea   0x080019ea   0x00000060   Code   RO         2093    CL$$btod_d2e_norm_op1  c_w.l(btod.o)
    0x08001a4a   0x08001a4a   0x00000338   Code   RO         2102    CL$$btod_div_common  c_w.l(btod.o)
    0x08001d82   0x08001d82   0x00000002   PAD
    0x08001d84   0x08001d84   0x00000084   Code   RO         2100    CL$$btod_e2d        c_w.l(btod.o)
    0x08001e08   0x08001e08   0x000000dc   Code   RO         2099    CL$$btod_e2e        c_w.l(btod.o)
    0x08001ee4   0x08001ee4   0x0000002a   Code   RO         2096    CL$$btod_ediv       c_w.l(btod.o)
    0x08001f0e   0x08001f0e   0x0000002a   Code   RO         2098    CL$$btod_edivd      c_w.l(btod.o)
    0x08001f38   0x08001f38   0x0000002a   Code   RO         2095    CL$$btod_emul       c_w.l(btod.o)
    0x08001f62   0x08001f62   0x0000002a   Code   RO         2097    CL$$btod_emuld      c_w.l(btod.o)
    0x08001f8c   0x08001f8c   0x00000244   Code   RO         2101    CL$$btod_mult_common  c_w.l(btod.o)
    0x080021d0   0x080021d0   0x00000022   Code   RO         1874    i.AT24CXX_Read      24cxx.o
    0x080021f2   0x080021f2   0x00000058   Code   RO         1876    i.AT24CXX_ReadOneByte  24cxx.o
    0x0800224a   0x0800224a   0x00000024   Code   RO         1877    i.AT24CXX_Write     24cxx.o
    0x0800226e   0x0800226e   0x00000050   Code   RO         1879    i.AT24CXX_WriteOneByte  24cxx.o
    0x080022be   0x080022be   0x00000004   Code   RO           87    i.BusFault_Handler  stm32f10x_it.o
    0x080022c2   0x080022c2   0x00000002   Code   RO           88    i.DebugMon_Handler  stm32f10x_it.o
    0x080022c4   0x080022c4   0x00000116   Code   RO          541    i.GPIO_Init         stm32f10x_gpio.o
    0x080023da   0x080023da   0x00000004   Code   RO          549    i.GPIO_SetBits      stm32f10x_gpio.o
    0x080023de   0x080023de   0x00000004   Code   RO           89    i.HardFault_Handler  stm32f10x_it.o
    0x080023e2   0x080023e2   0x0000002e   Code   RO         1639    i.I2C_WriteByte     oled_i2c.o
    0x08002410   0x08002410   0x00000050   Code   RO         1818    i.IIC_Ack           myiic.o
    0x08002460   0x08002460   0x00000034   Code   RO         1819    i.IIC_Init          myiic.o
    0x08002494   0x08002494   0x00000050   Code   RO         1820    i.IIC_NAck          myiic.o
    0x080024e4   0x080024e4   0x00000070   Code   RO         1821    i.IIC_Read_Byte     myiic.o
    0x08002554   0x08002554   0x00000074   Code   RO         1822    i.IIC_Send_Byte     myiic.o
    0x080025c8   0x080025c8   0x0000004c   Code   RO         1823    i.IIC_Start         myiic.o
    0x08002614   0x08002614   0x0000004c   Code   RO         1824    i.IIC_Stop          myiic.o
    0x08002660   0x08002660   0x00000064   Code   RO         1825    i.IIC_Wait_Ack      myiic.o
    0x080026c4   0x080026c4   0x000000cc   Code   RO          188    i.Layout_Test       layout.o
    0x08002790   0x08002790   0x0000008c   Code   RO          189    i.Layout_beep       layout.o
    0x0800281c   0x0800281c   0x00000158   Code   RO          190    i.Layout_display    layout.o
    0x08002974   0x08002974   0x000000e4   Code   RO          191    i.Layout_init       layout.o
    0x08002a58   0x08002a58   0x0000022c   Code   RO          192    i.Layout_led        layout.o
    0x08002c84   0x08002c84   0x0000013c   Code   RO          193    i.Layout_main       layout.o
    0x08002dc0   0x08002dc0   0x00000210   Code   RO          194    i.Layout_measure    layout.o
    0x08002fd0   0x08002fd0   0x000000c8   Code   RO          195    i.Layout_menu       layout.o
    0x08003098   0x08003098   0x00000258   Code   RO          196    i.Layout_reset      layout.o
    0x080032f0   0x080032f0   0x000001a8   Code   RO          197    i.Layout_set        layout.o
    0x08003498   0x08003498   0x0000033c   Code   RO          198    i.Layout_solve      layout.o
    0x080037d4   0x080037d4   0x00000160   Code   RO          199    i.Layout_unlock     layout.o
    0x08003934   0x08003934   0x00000004   Code   RO           90    i.MemManage_Handler  stm32f10x_it.o
    0x08003938   0x08003938   0x000000d0   Code   RO          200    i.Menu_Refresh      layout.o
    0x08003a08   0x08003a08   0x00000002   Code   RO           91    i.NMI_Handler       stm32f10x_it.o
    0x08003a0a   0x08003a0a   0x00000002   PAD
    0x08003a0c   0x08003a0c   0x00000070   Code   RO         1377    i.NVIC_Init         misc.o
    0x08003a7c   0x08003a7c   0x0000000a   Code   RO         1640    i.OLED_CLS          oled_i2c.o
    0x08003a86   0x08003a86   0x0000003a   Code   RO         1642    i.OLED_Fill         oled_i2c.o
    0x08003ac0   0x08003ac0   0x000000cc   Code   RO         1643    i.OLED_Init         oled_i2c.o
    0x08003b8c   0x08003b8c   0x0000002c   Code   RO         1646    i.OLED_Reverse      oled_i2c.o
    0x08003bb8   0x08003bb8   0x0000001e   Code   RO         1647    i.OLED_SetBrightness  oled_i2c.o
    0x08003bd6   0x08003bd6   0x00000028   Code   RO         1648    i.OLED_SetPos       oled_i2c.o
    0x08003bfe   0x08003bfe   0x00000002   PAD
    0x08003c00   0x08003c00   0x000000ac   Code   RO         1650    i.OLED_ShowChar     oled_i2c.o
    0x08003cac   0x08003cac   0x00000040   Code   RO         1651    i.OLED_ShowFloat    oled_i2c.o
    0x08003cec   0x08003cec   0x000000aa   Code   RO         1652    i.OLED_ShowInt      oled_i2c.o
    0x08003d96   0x08003d96   0x00000002   PAD
    0x08003d98   0x08003d98   0x000000b8   Code   RO         1653    i.OLED_ShowRevChar  oled_i2c.o
    0x08003e50   0x08003e50   0x000000f8   Code   RO         1654    i.OLED_ShowRevStr   oled_i2c.o
    0x08003f48   0x08003f48   0x000000ec   Code   RO         1655    i.OLED_ShowStr      oled_i2c.o
    0x08004034   0x08004034   0x00000002   Code   RO           92    i.PendSV_Handler    stm32f10x_it.o
    0x08004036   0x08004036   0x00000002   PAD
    0x08004038   0x08004038   0x00000020   Code   RO         1417    i.RCC_APB2PeriphClockCmd  stm32f10x_rcc.o
    0x08004058   0x08004058   0x000000d4   Code   RO         1425    i.RCC_GetClocksFreq  stm32f10x_rcc.o
    0x0800412c   0x0800412c   0x00000002   Code   RO           93    i.SVC_Handler       stm32f10x_it.o
    0x0800412e   0x0800412e   0x00000002   PAD
    0x08004130   0x08004130   0x00000044   Code   RO         1926    i.Sensor_Init       sensor.o
    0x08004174   0x08004174   0x00000144   Code   RO         1927    i.Sensor_Measure    sensor.o
    0x080042b8   0x080042b8   0x00000008   Code   RO          154    i.SetSysClock       system_stm32f10x.o
    0x080042c0   0x080042c0   0x000000e0   Code   RO          155    i.SetSysClockTo72   system_stm32f10x.o
    0x080043a0   0x080043a0   0x00000044   Code   RO          201    i.ShowLED           layout.o
    0x080043e4   0x080043e4   0x00000028   Code   RO         1381    i.SysTick_CLKSourceConfig  misc.o
    0x0800440c   0x0800440c   0x00000002   Code   RO           94    i.SysTick_Handler   stm32f10x_it.o
    0x0800440e   0x0800440e   0x00000002   PAD
    0x08004410   0x08004410   0x00000060   Code   RO          157    i.SystemInit        system_stm32f10x.o
    0x08004470   0x08004470   0x00000088   Code   RO         1777    i.USART1_IRQHandler  usart.o
    0x080044f8   0x080044f8   0x00000018   Code   RO         1201    i.USART_Cmd         stm32f10x_usart.o
    0x08004510   0x08004510   0x00000054   Code   RO         1205    i.USART_GetITStatus  stm32f10x_usart.o
    0x08004564   0x08004564   0x0000004a   Code   RO         1207    i.USART_ITConfig    stm32f10x_usart.o
    0x080045ae   0x080045ae   0x00000002   PAD
    0x080045b0   0x080045b0   0x000000d8   Code   RO         1208    i.USART_Init        stm32f10x_usart.o
    0x08004688   0x08004688   0x0000000a   Code   RO         1215    i.USART_ReceiveData  stm32f10x_usart.o
    0x08004692   0x08004692   0x00000004   Code   RO           95    i.UsageFault_Handler  stm32f10x_it.o
    0x08004696   0x08004696   0x0000000e   Code   RO         1656    i.WriteCmd          oled_i2c.o
    0x080046a4   0x080046a4   0x0000000e   Code   RO         1657    i.WriteDat          oled_i2c.o
    0x080046b2   0x080046b2   0x00000028   Code   RO         2129    i.__ARM_fpclassify  m_ws.l(fpclassify.o)
    0x080046da   0x080046da   0x0000000e   Code   RO         2257    i.__mathlib_dbl_overflow  m_ws.l(dunder.o)
    0x080046e8   0x080046e8   0x00000010   Code   RO         2259    i.__mathlib_dbl_underflow  m_ws.l(dunder.o)
    0x080046f8   0x080046f8   0x00000010   Code   RO         2131    i.__mathlib_narrow  m_ws.l(narrow.o)
    0x08004708   0x08004708   0x000000bc   Code   RO         2132    i.__mathlib_tofloat  m_ws.l(narrow.o)
    0x080047c4   0x080047c4   0x00000016   Code   RO         2229    i.__support_ldexp   m_ws.l(ldexp.o)
    0x080047da   0x080047da   0x0000000e   Code   RO         1973    i._is_digit         c_w.l(__printf_wp.o)
    0x080047e8   0x080047e8   0x00000006   Code   RO         1778    i._sys_exit         usart.o
    0x080047ee   0x080047ee   0x00000022   Code   RO         1928    i.b2c               sensor.o
    0x08004810   0x08004810   0x00000044   Code   RO         1613    i.delay_init        delay.o
    0x08004854   0x08004854   0x0000004c   Code   RO         1614    i.delay_ms          delay.o
    0x080048a0   0x080048a0   0x0000004c   Code   RO         1615    i.delay_us          delay.o
    0x080048ec   0x080048ec   0x00000026   Code   RO          202    i.fakePWM           layout.o
    0x08004912   0x08004912   0x00000002   PAD
    0x08004914   0x08004914   0x00000064   Code   RO          203    i.fequal            layout.o
    0x08004978   0x08004978   0x00000058   Code   RO         2208    i.frexp             m_ws.l(frexp.o)
    0x080049d0   0x080049d0   0x00000074   Code   RO         2230    i.ldexp             m_ws.l(ldexp.o)
    0x08004a44   0x08004a44   0x0000009c   Code   RO           24    i.main              main.o
    0x08004ae0   0x08004ae0   0x00000098   Code   RO          205    i.solve_input       layout.o
    0x08004b78   0x08004b78   0x0000004c   Code   RO         2020    i.sqrt              m_ws.l(sqrt.o)
    0x08004bc4   0x08004bc4   0x000000a0   Code   RO         1780    i.uart_init         usart.o
    0x08004c64   0x08004c64   0x0000002c   Code   RO         2115    locale$$code        c_w.l(lc_numeric_c.o)
    0x08004c90   0x08004c90   0x0000002c   Code   RO         2218    locale$$code        c_w.l(lc_ctype_c.o)
    0x08004cbc   0x08004cbc   0x00000062   Code   RO         2203    x$fpl$d2f           fz_ws.l(d2f.o)
    0x08004d1e   0x08004d1e   0x00000002   PAD
    0x08004d20   0x08004d20   0x00000150   Code   RO         1993    x$fpl$dadd          fz_ws.l(daddsub_clz.o)
    0x08004e70   0x08004e70   0x00000010   Code   RO         2251    x$fpl$dcheck1       fz_ws.l(dcheck1.o)
    0x08004e80   0x08004e80   0x00000018   Code   RO         2045    x$fpl$dcmpinf       fz_ws.l(dcmpi.o)
    0x08004e98   0x08004e98   0x000002b0   Code   RO         2000    x$fpl$ddiv          fz_ws.l(ddiv.o)
    0x08005148   0x08005148   0x00000078   Code   RO         2205    x$fpl$deqf          fz_ws.l(deqf.o)
    0x080051c0   0x080051c0   0x00000078   Code   RO         2009    x$fpl$dleqf         fz_ws.l(dleqf.o)
    0x08005238   0x08005238   0x00000154   Code   RO         2011    x$fpl$dmul          fz_ws.l(dmul.o)
    0x0800538c   0x0800538c   0x0000009c   Code   RO         2047    x$fpl$dnaninf       fz_ws.l(dnaninf.o)
    0x08005428   0x08005428   0x0000000c   Code   RO         2049    x$fpl$dretinf       fz_ws.l(dretinf.o)
    0x08005434   0x08005434   0x0000006c   Code   RO         2013    x$fpl$drleqf        fz_ws.l(drleqf.o)
    0x080054a0   0x080054a0   0x00000016   Code   RO         1994    x$fpl$drsb          fz_ws.l(daddsub_clz.o)
    0x080054b6   0x080054b6   0x00000002   PAD
    0x080054b8   0x080054b8   0x000001cc   Code   RO         2051    x$fpl$dsqrt         fz_ws.l(dsqrt_noumaal.o)
    0x08005684   0x08005684   0x000001d4   Code   RO         1995    x$fpl$dsub          fz_ws.l(daddsub_clz.o)
    0x08005858   0x08005858   0x0000000a   Code   RO         2224    x$fpl$fretinf       fz_ws.l(fretinf.o)
    0x08005862   0x08005862   0x00000006   Code   RO         2121    x$fpl$ieeestatus    fz_ws.l(istatus.o)
    0x08005868   0x08005868   0x00000004   Code   RO         2015    x$fpl$printf1       fz_ws.l(printf1.o)
    0x0800586c   0x0800586c   0x00000064   Code   RO         2279    x$fpl$retnan        fz_ws.l(retnan.o)
    0x080058d0   0x080058d0   0x0000005c   Code   RO         2226    x$fpl$scalbn        fz_ws.l(scalbn.o)
    0x0800592c   0x0800592c   0x00000004   Code   RO         2017    x$fpl$scanf1        fz_ws.l(scanf1.o)
    0x08005930   0x08005930   0x00000008   Code   RO         2123    x$fpl$scanf2        fz_ws.l(scanf2.o)
    0x08005938   0x08005938   0x00000030   Code   RO         2304    x$fpl$trapveneer    fz_ws.l(trapv.o)
    0x08005968   0x08005968   0x00000000   Code   RO         2053    x$fpl$usenofp       fz_ws.l(usenofp.o)
    0x08005968   0x08005968   0x00000818   Data   RO         1658    .constdata          oled_i2c.o
    0x08006180   0x08006180   0x00000094   Data   RO         2090    .constdata          c_w.l(bigflt0.o)
    0x08006214   0x08006214   0x00000020   Data   RO         2330    Region$$Table       anon$$obj.o
    0x08006234   0x08006234   0x00000008   Data   RO         2117    c$$dinf             fz_ws.l(fpconst.o)
    0x0800623c   0x0800623c   0x00000008   Data   RO         2120    c$$dmax             fz_ws.l(fpconst.o)
    0x08006244   0x08006244   0x0000001c   Data   RO         2114    locale$$data        c_w.l(lc_numeric_c.o)
    0x08006260   0x08006260   0x00000110   Data   RO         2217    locale$$data        c_w.l(lc_ctype_c.o)


    Execution Region ER_RW (Exec base: 0x20000000, Load base: 0x08006370, Size: 0x0000066c, Max: 0xffffffff, ABSOLUTE, COMPRESSED[0x0000021c])

    Exec Addr    Load Addr    Size         Type   Attr      Idx    E Section Name        Object

    0x20000000   COMPRESSED   0x00000001   Data   RW           26    .data               main.o
    0x20000001   COMPRESSED   0x00000003   PAD
    0x20000004   COMPRESSED   0x00000014   Data   RW          158    .data               system_stm32f10x.o
    0x20000018   COMPRESSED   0x00000190   Data   RW          206    .data               layout.o
    0x200001a8   COMPRESSED   0x00000014   Data   RW         1445    .data               stm32f10x_rcc.o
    0x200001bc   COMPRESSED   0x00000004   Data   RW         1616    .data               delay.o
    0x200001c0   COMPRESSED   0x000004a2   Data   RW         1659    .data               oled_i2c.o
    0x20000662   COMPRESSED   0x00000002   PAD
    0x20000664   COMPRESSED   0x00000006   Data   RW         1782    .data               usart.o


    Execution Region ER_ZI (Exec base: 0x2000066c, Load base: 0x0800658c, Size: 0x00000764, Max: 0xffffffff, ABSOLUTE)

    Exec Addr    Load Addr    Size         Type   Attr      Idx    E Section Name        Object

    0x2000066c        -       0x0000000d   Zero   RW           25    .bss                main.o
    0x20000679        -       0x000000c8   Zero   RW         1781    .bss                usart.o
    0x20000741        -       0x00000029   Zero   RW         1929    .bss                sensor.o
    0x2000076a   0x0800658c   0x00000002   PAD
    0x2000076c        -       0x00000060   Zero   RW         2138    .bss                c_w.l(libspace.o)
    0x200007cc   0x0800658c   0x00000004   PAD
    0x200007d0        -       0x00000200   Zero   RW           18    HEAP                startup_stm32f10x_hd.o
    0x200009d0        -       0x00000400   Zero   RW           17    STACK               startup_stm32f10x_hd.o


==============================================================================

Image component sizes


      Code (inc. data)   RO Data    RW Data    ZI Data      Debug   Object Name

       238          0          0          0          0       2728   24cxx.o
         0          0          0          0          0       4540   core_cm3.o
       220         26          0          4          0       1571   delay.o
      5286       1244          0        400          0      11874   layout.o
       156         22          0          1         13     244051   main.o
       152         12          0          0          0       1578   misc.o
       692        100          0          0          0       3930   myiic.o
      1534         52       2072       1186          0       9904   oled_i2c.o
       426         26          0          0         41       2676   sensor.o
        64         26        304          0       1536        772   startup_stm32f10x_hd.o
       282          0          0          0          0       2531   stm32f10x_gpio.o
        26          0          0          0          0       3602   stm32f10x_it.o
       244         26          0         20          0       3873   stm32f10x_rcc.o
       408          6          0          0          0       4958   stm32f10x_usart.o
       328         28          0         20          0       2145   system_stm32f10x.o
       302         22          0          6        200       3544   usart.o

    ----------------------------------------------------------------------
     10374       1590       2408       1644       1792     304277   Object Totals
         0          0         32          0          0          0   (incl. Generated)
        16          0          0          7          2          0   (incl. Padding)

    ----------------------------------------------------------------------

      Code (inc. data)   RO Data    RW Data    ZI Data      Debug   Library Member Name

        60          8          0          0          0         84   __0sscanf.o
        90          0          0          0          0          0   __dczerorl2.o
         8          0          0          0          0         68   __main.o
       352          0          0          0          0         88   __printf_ss_wp.o
        14          0          0          0          0         68   __printf_wp.o
         0          0          0          0          0          0   __rtentry.o
        12          0          0          0          0          0   __rtentry2.o
         6          0          0          0          0          0   __rtentry4.o
        52          8          0          0          0          0   __scatter.o
        28          0          0          0          0          0   __scatter_zi.o
        28          0          0          0          0         68   _chval.o
        48          6          0          0          0         96   _printf_char_common.o
         6          0          0          0          0          0   _printf_f.o
      1054          0          0          0          0        216   _printf_fp_dec.o
       128         16          0          0          0         84   _printf_fp_infnan.o
         0          0          0          0          0          0   _printf_percent.o
         4          0          0          0          0          0   _printf_percent_end.o
        22          0          0          0          0        100   _rserrno.o
       884          6          0          0          0        100   _scanf.o
        64          0          0          0          0         84   _sgetc.o
        10          0          0          0          0         68   _sputc.o
       228          4        148          0          0         96   bigflt0.o
      2152        136          0          0          0        960   btod.o
        18          0          0          0          0         80   exit.o
         6          0          0          0          0        152   heapauxi.o
        18          0          0          0          0         76   isspace.o
        44         10        272          0          0         76   lc_ctype_c.o
        44         10         28          0          0         76   lc_numeric_c.o
         2          0          0          0          0          0   libinit.o
        30          0          0          0          0          0   libinit2.o
         2          0          0          0          0          0   libshutdown.o
         2          0          0          0          0          0   libshutdown2.o
         8          4          0          0         96         68   libspace.o
        38          0          0          0          0         68   llshl.o
       138          0          0          0          0         80   lludiv10.o
        40          6          0          0          0         84   noretval__2sprintf.o
        16          4          0          0          0         76   rt_ctype_table.o
         8          4          0          0          0         68   rt_errno_addr_intlibspace.o
         8          4          0          0          0         68   rt_locale_intlibspace.o
         2          0          0          0          0          0   rtexit.o
        10          0          0          0          0          0   rtexit2.o
        44          8          0          0          0         84   scanf_char.o
      1272         16          0          0          0        168   scanf_fp.o
       800         14          0          0          0        100   scanf_hexfp.o
       308         16          0          0          0        100   scanf_infnan.o
       128          0          0          0          0         68   strcmpv7m.o
        62          0          0          0          0         76   strlen.o
        74          0          0          0          0         80   sys_stackheap_outer.o
         2          0          0          0          0         68   use_no_semi.o
         2          0          0          0          0         68   use_no_semi_2.o
        98          4          0          0          0         92   d2f.o
       826         16          0          0          0        348   daddsub_clz.o
        16          4          0          0          0         68   dcheck1.o
        24          0          0          0          0         68   dcmpi.o
       688        140          0          0          0        208   ddiv.o
       120          4          0          0          0         92   deqf.o
       120          4          0          0          0         92   dleqf.o
       340         12          0          0          0        104   dmul.o
       156          4          0          0          0         92   dnaninf.o
        12          0          0          0          0         68   dretinf.o
       108          0          0          0          0         80   drleqf.o
       460         56          0          0          0        120   dsqrt_noumaal.o
         0          0         16          0          0          0   fpconst.o
        10          0          0          0          0         68   fretinf.o
         6          0          0          0          0         68   istatus.o
         4          0          0          0          0         68   printf1.o
       100          0          0          0          0         68   retnan.o
        92          0          0          0          0         68   scalbn.o
         4          0          0          0          0         68   scanf1.o
         8          0          0          0          0         84   scanf2.o
        48          0          0          0          0         68   trapv.o
         0          0          0          0          0          0   usenofp.o
        30          6          0          0          0        136   dunder.o
        40          0          0          0          0         68   fpclassify.o
        88          8          0          0          0         76   frexp.o
       138          0          0          0          0        160   ldexp.o
       204          4          0          0          0        168   narrow.o
        76          0          0          0          0         84   sqrt.o

    ----------------------------------------------------------------------
     12210        544        464          0        100       6648   Library Totals
        18          2          0          0          4          0   (incl. Padding)

    ----------------------------------------------------------------------

      Code (inc. data)   RO Data    RW Data    ZI Data      Debug   Library Name

      8376        280        448          0         96       3964   c_w.l
      3240        244         16          0          0       1992   fz_ws.l
       576         18          0          0          0        692   m_ws.l

    ----------------------------------------------------------------------
     12210        544        464          0        100       6648   Library Totals

    ----------------------------------------------------------------------

==============================================================================


      Code (inc. data)   RO Data    RW Data    ZI Data      Debug   

     22584       2134       2872       1644       1892     303329   Grand Totals
     22584       2134       2872        540       1892     303329   ELF Image Totals (compressed)
     22584       2134       2872        540          0          0   ROM Totals

==============================================================================

    Total RO  Size (Code + RO Data)                25456 (  24.86kB)
    Total RW  Size (RW Data + ZI Data)              3536 (   3.45kB)
    Total ROM Size (Code + RO Data + RW Data)      25996 (  25.39kB)

==============================================================================

